08:58:54 **** Build of project ps_bsp ****
make -k all 
"Running Make include in ps7_cortexa9_0/libsrc/axivdma_v6_5/src"
make -C ps7_cortexa9_0/libsrc/axivdma_v6_5/src -s include  "SHELL=CMD" "COMPILER=arm-none-eabi-gcc" "ARCHIVER=arm-none-eabi-ar" "COMPILER_FLAGS=  -O2 -c" "EXTRA_COMPILER_FLAGS=-mcpu=cortex-a9 -mfpu=vfpv3 -mfloat-abi=hard -nostartfiles -g -Wall -Wextra"
"Running Make include in ps7_cortexa9_0/libsrc/coresightps_dcc_v1_4/src"
make -C ps7_cortexa9_0/libsrc/coresightps_dcc_v1_4/src -s include  "SHELL=CMD" "COMPILER=arm-none-eabi-gcc" "ARCHIVER=arm-none-eabi-ar" "COMPILER_FLAGS=  -O2 -c" "EXTRA_COMPILER_FLAGS=-mcpu=cortex-a9 -mfpu=vfpv3 -mfloat-abi=hard -nostartfiles -g -Wall -Wextra"
"Running Make include in ps7_cortexa9_0/libsrc/cpu_cortexa9_v2_6/src"
make -C ps7_cortexa9_0/libsrc/cpu_cortexa9_v2_6/src -s include  "SHELL=CMD" "COMPILER=arm-none-eabi-gcc" "ARCHIVER=arm-none-eabi-ar" "COMPILER_FLAGS=  -O2 -c" "EXTRA_COMPILER_FLAGS=-mcpu=cortex-a9 -mfpu=vfpv3 -mfloat-abi=hard -nostartfiles -g -Wall -Wextra"
"Running Make include in ps7_cortexa9_0/libsrc/ddrps_v1_0/src"
make -C ps7_cortexa9_0/libsrc/ddrps_v1_0/src -s include  "SHELL=CMD" "COMPILER=arm-none-eabi-gcc" "ARCHIVER=arm-none-eabi-ar" "COMPILER_FLAGS=  -O2 -c" "EXTRA_COMPILER_FLAGS=-mcpu=cortex-a9 -mfpu=vfpv3 -mfloat-abi=hard -nostartfiles -g -Wall -Wextra"
"Running Make include in ps7_cortexa9_0/libsrc/devcfg_v3_5/src"
make -C ps7_cortexa9_0/libsrc/devcfg_v3_5/src -s include  "SHELL=CMD" "COMPILER=arm-none-eabi-gcc" "ARCHIVER=arm-none-eabi-ar" "COMPILER_FLAGS=  -O2 -c" "EXTRA_COMPILER_FLAGS=-mcpu=cortex-a9 -mfpu=vfpv3 -mfloat-abi=hard -nostartfiles -g -Wall -Wextra"
"Running Make include in ps7_cortexa9_0/libsrc/dmaps_v2_3/src"
make -C ps7_cortexa9_0/libsrc/dmaps_v2_3/src -s include  "SHELL=CMD" "COMPILER=arm-none-eabi-gcc" "ARCHIVER=arm-none-eabi-ar" "COMPILER_FLAGS=  -O2 -c" "EXTRA_COMPILER_FLAGS=-mcpu=cortex-a9 -mfpu=vfpv3 -mfloat-abi=hard -nostartfiles -g -Wall -Wextra"
"Running Make include in ps7_cortexa9_0/libsrc/emacps_v3_7/src"
make -C ps7_cortexa9_0/libsrc/emacps_v3_7/src -s include  "SHELL=CMD" "COMPILER=arm-none-eabi-gcc" "ARCHIVER=arm-none-eabi-ar" "COMPILER_FLAGS=  -O2 -c" "EXTRA_COMPILER_FLAGS=-mcpu=cortex-a9 -mfpu=vfpv3 -mfloat-abi=hard -nostartfiles -g -Wall -Wextra"
"Running Make include in ps7_cortexa9_0/libsrc/gpio_v4_3/src"
make -C ps7_cortexa9_0/libsrc/gpio_v4_3/src -s include  "SHELL=CMD" "COMPILER=arm-none-eabi-gcc" "ARCHIVER=arm-none-eabi-ar" "COMPILER_FLAGS=  -O2 -c" "EXTRA_COMPILER_FLAGS=-mcpu=cortex-a9 -mfpu=vfpv3 -mfloat-abi=hard -nostartfiles -g -Wall -Wextra"
"Running Make include in ps7_cortexa9_0/libsrc/iicps_v3_6/src"
make -C ps7_cortexa9_0/libsrc/iicps_v3_6/src -s include  "SHELL=CMD" "COMPILER=arm-none-eabi-gcc" "ARCHIVER=arm-none-eabi-ar" "COMPILER_FLAGS=  -O2 -c" "EXTRA_COMPILER_FLAGS=-mcpu=cortex-a9 -mfpu=vfpv3 -mfloat-abi=hard -nostartfiles -g -Wall -Wextra"
"Running Make include in ps7_cortexa9_0/libsrc/nandps_v2_3/src"
make -C ps7_cortexa9_0/libsrc/nandps_v2_3/src -s include  "SHELL=CMD" "COMPILER=arm-none-eabi-gcc" "ARCHIVER=arm-none-eabi-ar" "COMPILER_FLAGS=  -O2 -c" "EXTRA_COMPILER_FLAGS=-mcpu=cortex-a9 -mfpu=vfpv3 -mfloat-abi=hard -nostartfiles -g -Wall -Wextra"
"Running Make include in ps7_cortexa9_0/libsrc/scugic_v3_9/src"
make -C ps7_cortexa9_0/libsrc/scugic_v3_9/src -s include  "SHELL=CMD" "COMPILER=arm-none-eabi-gcc" "ARCHIVER=arm-none-eabi-ar" "COMPILER_FLAGS=  -O2 -c" "EXTRA_COMPILER_FLAGS=-mcpu=cortex-a9 -mfpu=vfpv3 -mfloat-abi=hard -nostartfiles -g -Wall -Wextra"
"Running Make include in ps7_cortexa9_0/libsrc/scutimer_v2_1/src"
make -C ps7_cortexa9_0/libsrc/scutimer_v2_1/src -s include  "SHELL=CMD" "COMPILER=arm-none-eabi-gcc" "ARCHIVER=arm-none-eabi-ar" "COMPILER_FLAGS=  -O2 -c" "EXTRA_COMPILER_FLAGS=-mcpu=cortex-a9 -mfpu=vfpv3 -mfloat-abi=hard -nostartfiles -g -Wall -Wextra"
"Running Make include in ps7_cortexa9_0/libsrc/scuwdt_v2_1/src"
make -C ps7_cortexa9_0/libsrc/scuwdt_v2_1/src -s include  "SHELL=CMD" "COMPILER=arm-none-eabi-gcc" "ARCHIVER=arm-none-eabi-ar" "COMPILER_FLAGS=  -O2 -c" "EXTRA_COMPILER_FLAGS=-mcpu=cortex-a9 -mfpu=vfpv3 -mfloat-abi=hard -nostartfiles -g -Wall -Wextra"
"Running Make include in ps7_cortexa9_0/libsrc/standalone_v6_6/src"
make -C ps7_cortexa9_0/libsrc/standalone_v6_6/src -s include  "SHELL=CMD" "COMPILER=arm-none-eabi-gcc" "ARCHIVER=arm-none-eabi-ar" "COMPILER_FLAGS=  -O2 -c" "EXTRA_COMPILER_FLAGS=-mcpu=cortex-a9 -mfpu=vfpv3 -mfloat-abi=hard -nostartfiles -g -Wall -Wextra"
"Running Make include in ps7_cortexa9_0/libsrc/uartps_v3_6/src"
make -C ps7_cortexa9_0/libsrc/uartps_v3_6/src -s include  "SHELL=CMD" "COMPILER=arm-none-eabi-gcc" "ARCHIVER=arm-none-eabi-ar" "COMPILER_FLAGS=  -O2 -c" "EXTRA_COMPILER_FLAGS=-mcpu=cortex-a9 -mfpu=vfpv3 -mfloat-abi=hard -nostartfiles -g -Wall -Wextra"
"Running Make include in ps7_cortexa9_0/libsrc/xadcps_v2_2/src"
make -C ps7_cortexa9_0/libsrc/xadcps_v2_2/src -s include  "SHELL=CMD" "COMPILER=arm-none-eabi-gcc" "ARCHIVER=arm-none-eabi-ar" "COMPILER_FLAGS=  -O2 -c" "EXTRA_COMPILER_FLAGS=-mcpu=cortex-a9 -mfpu=vfpv3 -mfloat-abi=hard -nostartfiles -g -Wall -Wextra"
"Running Make libs in ps7_cortexa9_0/libsrc/axivdma_v6_5/src"
make -C ps7_cortexa9_0/libsrc/axivdma_v6_5/src -s libs  "SHELL=CMD" "COMPILER=arm-none-eabi-gcc" "ARCHIVER=arm-none-eabi-ar" "COMPILER_FLAGS=  -O2 -c" "EXTRA_COMPILER_FLAGS=-mcpu=cortex-a9 -mfpu=vfpv3 -mfloat-abi=hard -nostartfiles -g -Wall -Wextra"
"Compiling axivdma"
arm-none-eabi-ar: creating ../../../lib/libxil.a
"Running Make libs in ps7_cortexa9_0/libsrc/coresightps_dcc_v1_4/src"
make -C ps7_cortexa9_0/libsrc/coresightps_dcc_v1_4/src -s libs  "SHELL=CMD" "COMPILER=arm-none-eabi-gcc" "ARCHIVER=arm-none-eabi-ar" "COMPILER_FLAGS=  -O2 -c" "EXTRA_COMPILER_FLAGS=-mcpu=cortex-a9 -mfpu=vfpv3 -mfloat-abi=hard -nostartfiles -g -Wall -Wextra"
"Compiling coresightps_dcc"
"Running Make libs in ps7_cortexa9_0/libsrc/cpu_cortexa9_v2_6/src"
make -C ps7_cortexa9_0/libsrc/cpu_cortexa9_v2_6/src -s libs  "SHELL=CMD" "COMPILER=arm-none-eabi-gcc" "ARCHIVER=arm-none-eabi-ar" "COMPILER_FLAGS=  -O2 -c" "EXTRA_COMPILER_FLAGS=-mcpu=cortex-a9 -mfpu=vfpv3 -mfloat-abi=hard -nostartfiles -g -Wall -Wextra"
"Compiling cpu_cortexa9"
"Running Make libs in ps7_cortexa9_0/libsrc/ddrps_v1_0/src"
make -C ps7_cortexa9_0/libsrc/ddrps_v1_0/src -s libs  "SHELL=CMD" "COMPILER=arm-none-eabi-gcc" "ARCHIVER=arm-none-eabi-ar" "COMPILER_FLAGS=  -O2 -c" "EXTRA_COMPILER_FLAGS=-mcpu=cortex-a9 -mfpu=vfpv3 -mfloat-abi=hard -nostartfiles -g -Wall -Wextra"
"Compiling ddrps"
"Running Make libs in ps7_cortexa9_0/libsrc/devcfg_v3_5/src"
make -C ps7_cortexa9_0/libsrc/devcfg_v3_5/src -s libs  "SHELL=CMD" "COMPILER=arm-none-eabi-gcc" "ARCHIVER=arm-none-eabi-ar" "COMPILER_FLAGS=  -O2 -c" "EXTRA_COMPILER_FLAGS=-mcpu=cortex-a9 -mfpu=vfpv3 -mfloat-abi=hard -nostartfiles -g -Wall -Wextra"
"Compiling devcfg"
"Running Make libs in ps7_cortexa9_0/libsrc/dmaps_v2_3/src"
make -C ps7_cortexa9_0/libsrc/dmaps_v2_3/src -s libs  "SHELL=CMD" "COMPILER=arm-none-eabi-gcc" "ARCHIVER=arm-none-eabi-ar" "COMPILER_FLAGS=  -O2 -c" "EXTRA_COMPILER_FLAGS=-mcpu=cortex-a9 -mfpu=vfpv3 -mfloat-abi=hard -nostartfiles -g -Wall -Wextra"
"Compiling dmaps"
"Running Make libs in ps7_cortexa9_0/libsrc/emacps_v3_7/src"
make -C ps7_cortexa9_0/libsrc/emacps_v3_7/src -s libs  "SHELL=CMD" "COMPILER=arm-none-eabi-gcc" "ARCHIVER=arm-none-eabi-ar" "COMPILER_FLAGS=  -O2 -c" "EXTRA_COMPILER_FLAGS=-mcpu=cortex-a9 -mfpu=vfpv3 -mfloat-abi=hard -nostartfiles -g -Wall -Wextra"
"Compiling emacps"
"Running Make libs in ps7_cortexa9_0/libsrc/gpio_v4_3/src"
make -C ps7_cortexa9_0/libsrc/gpio_v4_3/src -s libs  "SHELL=CMD" "COMPILER=arm-none-eabi-gcc" "ARCHIVER=arm-none-eabi-ar" "COMPILER_FLAGS=  -O2 -c" "EXTRA_COMPILER_FLAGS=-mcpu=cortex-a9 -mfpu=vfpv3 -mfloat-abi=hard -nostartfiles -g -Wall -Wextra"
"Compiling gpio"
"Running Make libs in ps7_cortexa9_0/libsrc/iicps_v3_6/src"
make -C ps7_cortexa9_0/libsrc/iicps_v3_6/src -s libs  "SHELL=CMD" "COMPILER=arm-none-eabi-gcc" "ARCHIVER=arm-none-eabi-ar" "COMPILER_FLAGS=  -O2 -c" "EXTRA_COMPILER_FLAGS=-mcpu=cortex-a9 -mfpu=vfpv3 -mfloat-abi=hard -nostartfiles -g -Wall -Wextra"
"Compiling iicps"
"Running Make libs in ps7_cortexa9_0/libsrc/nandps_v2_3/src"
make -C ps7_cortexa9_0/libsrc/nandps_v2_3/src -s libs  "SHELL=CMD" "COMPILER=arm-none-eabi-gcc" "ARCHIVER=arm-none-eabi-ar" "COMPILER_FLAGS=  -O2 -c" "EXTRA_COMPILER_FLAGS=-mcpu=cortex-a9 -mfpu=vfpv3 -mfloat-abi=hard -nostartfiles -g -Wall -Wextra"
"Compiling nandps"
"Running Make libs in ps7_cortexa9_0/libsrc/scugic_v3_9/src"
make -C ps7_cortexa9_0/libsrc/scugic_v3_9/src -s libs  "SHELL=CMD" "COMPILER=arm-none-eabi-gcc" "ARCHIVER=arm-none-eabi-ar" "COMPILER_FLAGS=  -O2 -c" "EXTRA_COMPILER_FLAGS=-mcpu=cortex-a9 -mfpu=vfpv3 -mfloat-abi=hard -nostartfiles -g -Wall -Wextra"
"Compiling scugic"
"Running Make libs in ps7_cortexa9_0/libsrc/scutimer_v2_1/src"
make -C ps7_cortexa9_0/libsrc/scutimer_v2_1/src -s libs  "SHELL=CMD" "COMPILER=arm-none-eabi-gcc" "ARCHIVER=arm-none-eabi-ar" "COMPILER_FLAGS=  -O2 -c" "EXTRA_COMPILER_FLAGS=-mcpu=cortex-a9 -mfpu=vfpv3 -mfloat-abi=hard -nostartfiles -g -Wall -Wextra"
"Compiling scutimer"
"Running Make libs in ps7_cortexa9_0/libsrc/scuwdt_v2_1/src"
make -C ps7_cortexa9_0/libsrc/scuwdt_v2_1/src -s libs  "SHELL=CMD" "COMPILER=arm-none-eabi-gcc" "ARCHIVER=arm-none-eabi-ar" "COMPILER_FLAGS=  -O2 -c" "EXTRA_COMPILER_FLAGS=-mcpu=cortex-a9 -mfpu=vfpv3 -mfloat-abi=hard -nostartfiles -g -Wall -Wextra"
"Compiling scuwdt"
"Running Make libs in ps7_cortexa9_0/libsrc/standalone_v6_6/src"
make -C ps7_cortexa9_0/libsrc/standalone_v6_6/src -s libs  "SHELL=CMD" "COMPILER=arm-none-eabi-gcc" "ARCHIVER=arm-none-eabi-ar" "COMPILER_FLAGS=  -O2 -c" "EXTRA_COMPILER_FLAGS=-mcpu=cortex-a9 -mfpu=vfpv3 -mfloat-abi=hard -nostartfiles -g -Wall -Wextra"
"Compiling standalone"
In file included from sleep.c:57:0:
xtime_l.h:89:9: note: #pragma message: For the sleep routines, Global timer is being used
 #pragma message ("For the sleep routines, Global timer is being used")
         ^~~~~~~
In file included from usleep.c:60:0:
xtime_l.h:89:9: note: #pragma message: For the sleep routines, Global timer is being used
 #pragma message ("For the sleep routines, Global timer is being used")
         ^~~~~~~
In file included from xil_sleeptimer.c:54:0:
xtime_l.h:89:9: note: #pragma message: For the sleep routines, Global timer is being used
 #pragma message ("For the sleep routines, Global timer is being used")
         ^~~~~~~
In file included from xtime_l.c:53:0:
xtime_l.h:89:9: note: #pragma message: For the sleep routines, Global timer is being used
 #pragma message ("For the sleep routines, Global timer is being used")
         ^~~~~~~
"Running Make libs in ps7_cortexa9_0/libsrc/uartps_v3_6/src"
make -C ps7_cortexa9_0/libsrc/uartps_v3_6/src -s libs  "SHELL=CMD" "COMPILER=arm-none-eabi-gcc" "ARCHIVER=arm-none-eabi-ar" "COMPILER_FLAGS=  -O2 -c" "EXTRA_COMPILER_FLAGS=-mcpu=cortex-a9 -mfpu=vfpv3 -mfloat-abi=hard -nostartfiles -g -Wall -Wextra"
"Compiling uartps"
"Running Make libs in ps7_cortexa9_0/libsrc/xadcps_v2_2/src"
make -C ps7_cortexa9_0/libsrc/xadcps_v2_2/src -s libs  "SHELL=CMD" "COMPILER=arm-none-eabi-gcc" "ARCHIVER=arm-none-eabi-ar" "COMPILER_FLAGS=  -O2 -c" "EXTRA_COMPILER_FLAGS=-mcpu=cortex-a9 -mfpu=vfpv3 -mfloat-abi=hard -nostartfiles -g -Wall -Wextra"
"Compiling xadcps"
'Finished building libraries'
09:00:02 **** Build of configuration Debug for project ps ****
make pre-build main-build 
a9-linaro-pre-build-step
' '
'Building file: ../src/helloworld.c'
'Invoking: ARM v7 gcc compiler'
arm-none-eabi-gcc -Wall -O0 -g3 -c -fmessage-length=0 -MT"src/helloworld.o" -mcpu=cortex-a9 -mfpu=vfpv3 -mfloat-abi=hard -I../../ps_bsp/ps7_cortexa9_0/include -MMD -MP -MF"src/helloworld.d" -MT"src/helloworld.o" -o "src/helloworld.o" "../src/helloworld.c"
../src/helloworld.c: In function 'main':
../src/helloworld.c:58:5: warning: implicit declaration of function 'Image_init' [-Wimplicit-function-declaration]
     Image_init();
     ^~~~~~~~~~
'Finished building: ../src/helloworld.c'
' '
'Building file: ../src/platform.c'
'Invoking: ARM v7 gcc compiler'
arm-none-eabi-gcc -Wall -O0 -g3 -c -fmessage-length=0 -MT"src/platform.o" -mcpu=cortex-a9 -mfpu=vfpv3 -mfloat-abi=hard -I../../ps_bsp/ps7_cortexa9_0/include -MMD -MP -MF"src/platform.d" -MT"src/platform.o" -o "src/platform.o" "../src/platform.c"
'Finished building: ../src/platform.c'
' '
'Building target: ps.elf'
'Invoking: ARM v7 gcc linker'
arm-none-eabi-gcc -mcpu=cortex-a9 -mfpu=vfpv3 -mfloat-abi=hard -Wl,-build-id=none -specs=Xilinx.spec -Wl,-T -Wl,../src/lscript.ld -L../../ps_bsp/ps7_cortexa9_0/lib -o "ps.elf"  ./src/helloworld.o ./src/platform.o   -Wl,--start-group,-lxil,-lgcc,-lc,--end-group
./src/helloworld.o: In function `main':
E:\WorkSpace\project\prj_ocr\prj_ocr\prj_ocr.sdk\ps\Debug/../src/helloworld.c:58: undefined reference to `Image_init'
collect2.exe: error: ld returned 1 exit status
make: *** [ps.elf] 错误 1
09:01:30 **** Incremental Build of configuration Debug for project ps ****
make pre-build main-build 
a9-linaro-pre-build-step
' '
'Building file: ../src/Bsp_RGB_Samp.c'
'Invoking: ARM v7 gcc compiler'
arm-none-eabi-gcc -Wall -O0 -g3 -c -fmessage-length=0 -MT"src/Bsp_RGB_Samp.o" -mcpu=cortex-a9 -mfpu=vfpv3 -mfloat-abi=hard -I../../ps_bsp/ps7_cortexa9_0/include -MMD -MP -MF"src/Bsp_RGB_Samp.d" -MT"src/Bsp_RGB_Samp.o" -o "src/Bsp_RGB_Samp.o" "../src/Bsp_RGB_Samp.c"
../src/Bsp_RGB_Samp.c: In function 'Bsp_RGB_GetpFrames':
../src/Bsp_RGB_Samp.c:72:9: warning: assignment makes pointer from integer without a cast [-Wint-conversion]
    *OutP=addr;
         ^
../src/Bsp_RGB_Samp.c:73:22: warning: assignment from incompatible pointer type [-Wincompatible-pointer-types]
    RGBSamp.Framesp[i]=(unsigned char*) addr;
                      ^
'Finished building: ../src/Bsp_RGB_Samp.c'
' '
'Building file: ../src/Bsp_TwoCPU.c'
'Invoking: ARM v7 gcc compiler'
arm-none-eabi-gcc -Wall -O0 -g3 -c -fmessage-length=0 -MT"src/Bsp_TwoCPU.o" -mcpu=cortex-a9 -mfpu=vfpv3 -mfloat-abi=hard -I../../ps_bsp/ps7_cortexa9_0/include -MMD -MP -MF"src/Bsp_TwoCPU.d" -MT"src/Bsp_TwoCPU.o" -o "src/Bsp_TwoCPU.o" "../src/Bsp_TwoCPU.c"
In file included from ../src/Bsp_TwoCPU.c:6:0:
../src/Bsp_TwoCPU.h:48:0: warning: "MAXDDRNUM" redefined
 #define MAXDDRNUM     8   //定义DDR存放路数  Bsp_RGB_Samp.h中定义
 
In file included from ../src/Bsp_TwoCPU.h:46:0,
                 from ../src/Bsp_TwoCPU.c:6:
../src/Bsp_RGB_Samp.h:6:0: note: this is the location of the previous definition
 #define MAXDDRNUM       4
 
'Finished building: ../src/Bsp_TwoCPU.c'
' '
'Building file: ../src/Bsp_VDMAframe.c'
'Invoking: ARM v7 gcc compiler'
arm-none-eabi-gcc -Wall -O0 -g3 -c -fmessage-length=0 -MT"src/Bsp_VDMAframe.o" -mcpu=cortex-a9 -mfpu=vfpv3 -mfloat-abi=hard -I../../ps_bsp/ps7_cortexa9_0/include -MMD -MP -MF"src/Bsp_VDMAframe.d" -MT"src/Bsp_VDMAframe.o" -o "src/Bsp_VDMAframe.o" "../src/Bsp_VDMAframe.c"
'Finished building: ../src/Bsp_VDMAframe.c'
' '
'Building file: ../src/Image_Pixl.c'
'Invoking: ARM v7 gcc compiler'
arm-none-eabi-gcc -Wall -O0 -g3 -c -fmessage-length=0 -MT"src/Image_Pixl.o" -mcpu=cortex-a9 -mfpu=vfpv3 -mfloat-abi=hard -I../../ps_bsp/ps7_cortexa9_0/include -MMD -MP -MF"src/Image_Pixl.d" -MT"src/Image_Pixl.o" -o "src/Image_Pixl.o" "../src/Image_Pixl.c"
In file included from ../src/Image_Pixl.c:2:0:
../src/Bsp_TwoCPU.h:48:0: warning: "MAXDDRNUM" redefined
 #define MAXDDRNUM     8   //定义DDR存放路数  Bsp_RGB_Samp.h中定义
 
In file included from ../src/Bsp_TwoCPU.h:46:0,
                 from ../src/Image_Pixl.c:2:
../src/Bsp_RGB_Samp.h:6:0: note: this is the location of the previous definition
 #define MAXDDRNUM       4
 
../src/Image_Pixl.c: In function 'Image_Information':
../src/Image_Pixl.c:26:5: warning: implicit declaration of function 'Get_i1280720Reg' [-Wimplicit-function-declaration]
     Get_i1280720Reg(&IR_Pixel);
     ^~~~~~~~~~~~~~~
'Finished building: ../src/Image_Pixl.c'
' '
'Building file: ../src/SC030GS.c'
'Invoking: ARM v7 gcc compiler'
arm-none-eabi-gcc -Wall -O0 -g3 -c -fmessage-length=0 -MT"src/SC030GS.o" -mcpu=cortex-a9 -mfpu=vfpv3 -mfloat-abi=hard -I../../ps_bsp/ps7_cortexa9_0/include -MMD -MP -MF"src/SC030GS.d" -MT"src/SC030GS.o" -o "src/SC030GS.o" "../src/SC030GS.c"
../src/SC030GS.c: In function 'SC030GS_init':
../src/SC030GS.c:302:2: warning: implicit declaration of function 'xil_printf' [-Wimplicit-function-declaration]
  xil_printf("value = %x \r\n",value);
  ^~~~~~~~~~
../src/SC030GS.c:294:16: warning: unused variable 'status' [-Wunused-variable]
  unsigned char status;
                ^~~~~~
../src/SC030GS.c:293:15: warning: unused variable 'org' [-Wunused-variable]
  unsigned int org;
               ^~~
../src/SC030GS.c:291:16: warning: unused variable 'MorenRegAddr' [-Wunused-variable]
  unsigned int *MorenRegAddr;
                ^~~~~~~~~~~~
'Finished building: ../src/SC030GS.c'
' '
'Building file: ../src/get_image.c'
'Invoking: ARM v7 gcc compiler'
arm-none-eabi-gcc -Wall -O0 -g3 -c -fmessage-length=0 -MT"src/get_image.o" -mcpu=cortex-a9 -mfpu=vfpv3 -mfloat-abi=hard -I../../ps_bsp/ps7_cortexa9_0/include -MMD -MP -MF"src/get_image.d" -MT"src/get_image.o" -o "src/get_image.o" "../src/get_image.c"
In file included from ../src/get_image.h:20:0,
                 from ../src/get_image.c:48:
../src/Bsp_TwoCPU.h:48:0: warning: "MAXDDRNUM" redefined
 #define MAXDDRNUM     8   //定义DDR存放路数  Bsp_RGB_Samp.h中定义
 
In file included from ../src/Bsp_TwoCPU.h:46:0,
                 from ../src/get_image.h:20,
                 from ../src/get_image.c:48:
../src/Bsp_RGB_Samp.h:6:0: note: this is the location of the previous definition
 #define MAXDDRNUM       4
 
../src/get_image.c: In function 'Image_init':
../src/get_image.c:81:3: warning: implicit declaration of function 'Get_ImagePixel'; did you mean 'Get_imageSno'? [-Wimplicit-function-declaration]
   Get_ImagePixel(&HH,&VV,&channl,0);
   ^~~~~~~~~~~~~~
   Get_imageSno
../src/get_image.c:84:22: warning: passing argument 1 of 'Bsp_RGB_GetpFrames' from incompatible pointer type [-Wincompatible-pointer-types]
   Bsp_RGB_GetpFrames((unsigned int *)&pFrames[0], HH, VV, MAX_FRAME);//此函数将pFrames和RGBSamp.Framesp[i]指针都指向图片缓冲区，共8个
                      ^
In file included from ../src/Bsp_TwoCPU.h:46:0,
                 from ../src/get_image.h:20,
                 from ../src/get_image.c:48:
../src/Bsp_RGB_Samp.h:25:22: note: expected 'unsigned int **' but argument is of type 'unsigned int *'
 extern unsigned char Bsp_RGB_GetpFrames(unsigned int **OutP,unsigned int H,unsigned int V,unsigned char Num);
                      ^~~~~~~~~~~~~~~~~~
../src/get_image.c:94:3: warning: implicit declaration of function 'vdma1_write_init'; did you mean 'My_vdma_write_init'? [-Wimplicit-function-declaration]
   vdma1_write_init(XPAR_AXI_VDMA_VIDEOSTREAM_DEVICE_ID, 0x280, VV, 0x280, (unsigned char *)pFrames);
   ^~~~~~~~~~~~~~~~
   My_vdma_write_init
../src/get_image.c:97:3: warning: implicit declaration of function 'SC030GS_init' [-Wimplicit-function-declaration]
   SC030GS_init();//初始化
   ^~~~~~~~~~~~
../src/get_image.c:100:3: warning: implicit declaration of function 'vdma0_write_init'; did you mean 'My_vdma_write_init'? [-Wimplicit-function-declaration]
   vdma0_write_init();
   ^~~~~~~~~~~~~~~~
   My_vdma_write_init
../src/get_image.c:113:4: warning: implicit declaration of function 'xil_printf'; did you mean 'viprintf'? [-Wimplicit-function-declaration]
    xil_printf("R0_reg3 = %x \r\n",vdma0_rd_status());
    ^~~~~~~~~~
    viprintf
../src/get_image.c:76:16: warning: unused variable 'addrs' [-Wunused-variable]
   unsigned int addrs =0x17000000;
                ^~~~~
../src/get_image.c:75:7: warning: unused variable 'stats' [-Wunused-variable]
   int stats;
       ^~~~~
../src/get_image.c: In function 'Image_Get':
../src/get_image.c:135:11: warning: implicit declaration of function 'Bsp_ReadfreamSno'; did you mean 'Bsp_ReadCPU0CMD'? [-Wimplicit-function-declaration]
    sno[0]=Bsp_ReadfreamSno();//读取的是已经完成的帧号
           ^~~~~~~~~~~~~~~~
           Bsp_ReadCPU0CMD
../src/get_image.c:140:14: warning: implicit declaration of function 'Bsp_GetGrayCode' [-Wimplicit-function-declaration]
     Framesno=Bsp_GetGrayCode(sno[0]&0xf);
              ^~~~~~~~~~~~~~~
../src/get_image.c:145:6: warning: implicit declaration of function 'Bsp_SetSkipfreamSno' [-Wimplicit-function-declaration]
      Bsp_SetSkipfreamSno(sno[1]);
      ^~~~~~~~~~~~~~~~~~~
../src/get_image.c:134:18: warning: variable 'Framesno' set but not used [-Wunused-but-set-variable]
    unsigned char Framesno;
                  ^~~~~~~~
'Finished building: ../src/get_image.c'
' '
'Building file: ../src/psiic.c'
'Invoking: ARM v7 gcc compiler'
arm-none-eabi-gcc -Wall -O0 -g3 -c -fmessage-length=0 -MT"src/psiic.o" -mcpu=cortex-a9 -mfpu=vfpv3 -mfloat-abi=hard -I../../ps_bsp/ps7_cortexa9_0/include -MMD -MP -MF"src/psiic.d" -MT"src/psiic.o" -o "src/psiic.o" "../src/psiic.c"
../src/psiic.c: In function 'i2c_wrtie_bytes':
../src/psiic.c:56:4: warning: implicit declaration of function 'usleep' [-Wimplicit-function-declaration]
    usleep(1);
    ^~~~~~
'Finished building: ../src/psiic.c'
' '
'Building file: ../src/sc030_fpga.c'
'Invoking: ARM v7 gcc compiler'
arm-none-eabi-gcc -Wall -O0 -g3 -c -fmessage-length=0 -MT"src/sc030_fpga.o" -mcpu=cortex-a9 -mfpu=vfpv3 -mfloat-abi=hard -I../../ps_bsp/ps7_cortexa9_0/include -MMD -MP -MF"src/sc030_fpga.d" -MT"src/sc030_fpga.o" -o "src/sc030_fpga.o" "../src/sc030_fpga.c"
../src/sc030_fpga.c: In function 'SC30_Set_SoftExposure':
../src/sc030_fpga.c:152:2: warning: implicit declaration of function 'usleep' [-Wimplicit-function-declaration]
  usleep(5);
  ^~~~~~
../src/sc030_fpga.c:145:8: warning: unused variable 'fz' [-Wunused-variable]
  float fz;
        ^~
'Finished building: ../src/sc030_fpga.c'
' '
'Building file: ../src/vdma.c'
'Invoking: ARM v7 gcc compiler'
arm-none-eabi-gcc -Wall -O0 -g3 -c -fmessage-length=0 -MT"src/vdma.o" -mcpu=cortex-a9 -mfpu=vfpv3 -mfloat-abi=hard -I../../ps_bsp/ps7_cortexa9_0/include -MMD -MP -MF"src/vdma.d" -MT"src/vdma.o" -o "src/vdma.o" "../src/vdma.c"
'Finished building: ../src/vdma.c'
' '
'Building file: ../src/vdma_my.c'
'Invoking: ARM v7 gcc compiler'
arm-none-eabi-gcc -Wall -O0 -g3 -c -fmessage-length=0 -MT"src/vdma_my.o" -mcpu=cortex-a9 -mfpu=vfpv3 -mfloat-abi=hard -I../../ps_bsp/ps7_cortexa9_0/include -MMD -MP -MF"src/vdma_my.d" -MT"src/vdma_my.o" -o "src/vdma_my.o" "../src/vdma_my.c"
../src/vdma_my.c: In function 'My_vdma_write_init':
../src/vdma_my.c:139:15: warning: unused variable 'STRIDE' [-Wunused-variable]
  unsigned int STRIDE;
               ^~~~~~
'Finished building: ../src/vdma_my.c'
' '
'Building target: ps.elf'
'Invoking: ARM v7 gcc linker'
arm-none-eabi-gcc -mcpu=cortex-a9 -mfpu=vfpv3 -mfloat-abi=hard -Wl,-build-id=none -specs=Xilinx.spec -Wl,-T -Wl,../src/lscript.ld -L../../ps_bsp/ps7_cortexa9_0/lib -o "ps.elf"  ./src/Bsp_RGB_Samp.o ./src/Bsp_TwoCPU.o ./src/Bsp_VDMAframe.o ./src/Image_Pixl.o ./src/SC030GS.o ./src/get_image.o ./src/helloworld.o ./src/platform.o ./src/psiic.o ./src/sc030_fpga.o ./src/vdma.o ./src/vdma_my.o   -Wl,--start-group,-lxil,-lgcc,-lc,--end-group
'Finished building target: ps.elf'
' '
'Invoking: ARM v7 Print Size'
arm-none-eabi-size ps.elf  |tee "ps.elf.size"
   text	   data	    bss	    dec	    hex	filename
  48108	   1984	  22904	  72996	  11d24	ps.elf
'Finished building: ps.elf.size'
' '
11:16:45 **** Build of project ps_bsp ****
make -k all 
"Running Make include in ps7_cortexa9_0/libsrc/axivdma_v6_5/src"
make -C ps7_cortexa9_0/libsrc/axivdma_v6_5/src -s include  "SHELL=CMD" "COMPILER=arm-none-eabi-gcc" "ARCHIVER=arm-none-eabi-ar" "COMPILER_FLAGS=  -O2 -c" "EXTRA_COMPILER_FLAGS=-mcpu=cortex-a9 -mfpu=vfpv3 -mfloat-abi=hard -nostartfiles -g -Wall -Wextra"
"Running Make include in ps7_cortexa9_0/libsrc/coresightps_dcc_v1_4/src"
make -C ps7_cortexa9_0/libsrc/coresightps_dcc_v1_4/src -s include  "SHELL=CMD" "COMPILER=arm-none-eabi-gcc" "ARCHIVER=arm-none-eabi-ar" "COMPILER_FLAGS=  -O2 -c" "EXTRA_COMPILER_FLAGS=-mcpu=cortex-a9 -mfpu=vfpv3 -mfloat-abi=hard -nostartfiles -g -Wall -Wextra"
"Running Make include in ps7_cortexa9_0/libsrc/cpu_cortexa9_v2_6/src"
make -C ps7_cortexa9_0/libsrc/cpu_cortexa9_v2_6/src -s include  "SHELL=CMD" "COMPILER=arm-none-eabi-gcc" "ARCHIVER=arm-none-eabi-ar" "COMPILER_FLAGS=  -O2 -c" "EXTRA_COMPILER_FLAGS=-mcpu=cortex-a9 -mfpu=vfpv3 -mfloat-abi=hard -nostartfiles -g -Wall -Wextra"
"Running Make include in ps7_cortexa9_0/libsrc/ddrps_v1_0/src"
make -C ps7_cortexa9_0/libsrc/ddrps_v1_0/src -s include  "SHELL=CMD" "COMPILER=arm-none-eabi-gcc" "ARCHIVER=arm-none-eabi-ar" "COMPILER_FLAGS=  -O2 -c" "EXTRA_COMPILER_FLAGS=-mcpu=cortex-a9 -mfpu=vfpv3 -mfloat-abi=hard -nostartfiles -g -Wall -Wextra"
"Running Make include in ps7_cortexa9_0/libsrc/devcfg_v3_5/src"
make -C ps7_cortexa9_0/libsrc/devcfg_v3_5/src -s include  "SHELL=CMD" "COMPILER=arm-none-eabi-gcc" "ARCHIVER=arm-none-eabi-ar" "COMPILER_FLAGS=  -O2 -c" "EXTRA_COMPILER_FLAGS=-mcpu=cortex-a9 -mfpu=vfpv3 -mfloat-abi=hard -nostartfiles -g -Wall -Wextra"
"Running Make include in ps7_cortexa9_0/libsrc/dmaps_v2_3/src"
make -C ps7_cortexa9_0/libsrc/dmaps_v2_3/src -s include  "SHELL=CMD" "COMPILER=arm-none-eabi-gcc" "ARCHIVER=arm-none-eabi-ar" "COMPILER_FLAGS=  -O2 -c" "EXTRA_COMPILER_FLAGS=-mcpu=cortex-a9 -mfpu=vfpv3 -mfloat-abi=hard -nostartfiles -g -Wall -Wextra"
"Running Make include in ps7_cortexa9_0/libsrc/emacps_v3_7/src"
make -C ps7_cortexa9_0/libsrc/emacps_v3_7/src -s include  "SHELL=CMD" "COMPILER=arm-none-eabi-gcc" "ARCHIVER=arm-none-eabi-ar" "COMPILER_FLAGS=  -O2 -c" "EXTRA_COMPILER_FLAGS=-mcpu=cortex-a9 -mfpu=vfpv3 -mfloat-abi=hard -nostartfiles -g -Wall -Wextra"
"Running Make include in ps7_cortexa9_0/libsrc/gpio_v4_3/src"
make -C ps7_cortexa9_0/libsrc/gpio_v4_3/src -s include  "SHELL=CMD" "COMPILER=arm-none-eabi-gcc" "ARCHIVER=arm-none-eabi-ar" "COMPILER_FLAGS=  -O2 -c" "EXTRA_COMPILER_FLAGS=-mcpu=cortex-a9 -mfpu=vfpv3 -mfloat-abi=hard -nostartfiles -g -Wall -Wextra"
"Running Make include in ps7_cortexa9_0/libsrc/iicps_v3_6/src"
make -C ps7_cortexa9_0/libsrc/iicps_v3_6/src -s include  "SHELL=CMD" "COMPILER=arm-none-eabi-gcc" "ARCHIVER=arm-none-eabi-ar" "COMPILER_FLAGS=  -O2 -c" "EXTRA_COMPILER_FLAGS=-mcpu=cortex-a9 -mfpu=vfpv3 -mfloat-abi=hard -nostartfiles -g -Wall -Wextra"
"Running Make include in ps7_cortexa9_0/libsrc/nandps_v2_3/src"
make -C ps7_cortexa9_0/libsrc/nandps_v2_3/src -s include  "SHELL=CMD" "COMPILER=arm-none-eabi-gcc" "ARCHIVER=arm-none-eabi-ar" "COMPILER_FLAGS=  -O2 -c" "EXTRA_COMPILER_FLAGS=-mcpu=cortex-a9 -mfpu=vfpv3 -mfloat-abi=hard -nostartfiles -g -Wall -Wextra"
"Running Make include in ps7_cortexa9_0/libsrc/scugic_v3_9/src"
make -C ps7_cortexa9_0/libsrc/scugic_v3_9/src -s include  "SHELL=CMD" "COMPILER=arm-none-eabi-gcc" "ARCHIVER=arm-none-eabi-ar" "COMPILER_FLAGS=  -O2 -c" "EXTRA_COMPILER_FLAGS=-mcpu=cortex-a9 -mfpu=vfpv3 -mfloat-abi=hard -nostartfiles -g -Wall -Wextra"
"Running Make include in ps7_cortexa9_0/libsrc/scutimer_v2_1/src"
make -C ps7_cortexa9_0/libsrc/scutimer_v2_1/src -s include  "SHELL=CMD" "COMPILER=arm-none-eabi-gcc" "ARCHIVER=arm-none-eabi-ar" "COMPILER_FLAGS=  -O2 -c" "EXTRA_COMPILER_FLAGS=-mcpu=cortex-a9 -mfpu=vfpv3 -mfloat-abi=hard -nostartfiles -g -Wall -Wextra"
"Running Make include in ps7_cortexa9_0/libsrc/scuwdt_v2_1/src"
make -C ps7_cortexa9_0/libsrc/scuwdt_v2_1/src -s include  "SHELL=CMD" "COMPILER=arm-none-eabi-gcc" "ARCHIVER=arm-none-eabi-ar" "COMPILER_FLAGS=  -O2 -c" "EXTRA_COMPILER_FLAGS=-mcpu=cortex-a9 -mfpu=vfpv3 -mfloat-abi=hard -nostartfiles -g -Wall -Wextra"
"Running Make include in ps7_cortexa9_0/libsrc/standalone_v6_6/src"
make -C ps7_cortexa9_0/libsrc/standalone_v6_6/src -s include  "SHELL=CMD" "COMPILER=arm-none-eabi-gcc" "ARCHIVER=arm-none-eabi-ar" "COMPILER_FLAGS=  -O2 -c" "EXTRA_COMPILER_FLAGS=-mcpu=cortex-a9 -mfpu=vfpv3 -mfloat-abi=hard -nostartfiles -g -Wall -Wextra"
"Running Make include in ps7_cortexa9_0/libsrc/uartps_v3_6/src"
make -C ps7_cortexa9_0/libsrc/uartps_v3_6/src -s include  "SHELL=CMD" "COMPILER=arm-none-eabi-gcc" "ARCHIVER=arm-none-eabi-ar" "COMPILER_FLAGS=  -O2 -c" "EXTRA_COMPILER_FLAGS=-mcpu=cortex-a9 -mfpu=vfpv3 -mfloat-abi=hard -nostartfiles -g -Wall -Wextra"
"Running Make include in ps7_cortexa9_0/libsrc/xadcps_v2_2/src"
make -C ps7_cortexa9_0/libsrc/xadcps_v2_2/src -s include  "SHELL=CMD" "COMPILER=arm-none-eabi-gcc" "ARCHIVER=arm-none-eabi-ar" "COMPILER_FLAGS=  -O2 -c" "EXTRA_COMPILER_FLAGS=-mcpu=cortex-a9 -mfpu=vfpv3 -mfloat-abi=hard -nostartfiles -g -Wall -Wextra"
"Running Make libs in ps7_cortexa9_0/libsrc/axivdma_v6_5/src"
make -C ps7_cortexa9_0/libsrc/axivdma_v6_5/src -s libs  "SHELL=CMD" "COMPILER=arm-none-eabi-gcc" "ARCHIVER=arm-none-eabi-ar" "COMPILER_FLAGS=  -O2 -c" "EXTRA_COMPILER_FLAGS=-mcpu=cortex-a9 -mfpu=vfpv3 -mfloat-abi=hard -nostartfiles -g -Wall -Wextra"
"Compiling axivdma"
"Running Make libs in ps7_cortexa9_0/libsrc/coresightps_dcc_v1_4/src"
make -C ps7_cortexa9_0/libsrc/coresightps_dcc_v1_4/src -s libs  "SHELL=CMD" "COMPILER=arm-none-eabi-gcc" "ARCHIVER=arm-none-eabi-ar" "COMPILER_FLAGS=  -O2 -c" "EXTRA_COMPILER_FLAGS=-mcpu=cortex-a9 -mfpu=vfpv3 -mfloat-abi=hard -nostartfiles -g -Wall -Wextra"
"Compiling coresightps_dcc"
"Running Make libs in ps7_cortexa9_0/libsrc/cpu_cortexa9_v2_6/src"
make -C ps7_cortexa9_0/libsrc/cpu_cortexa9_v2_6/src -s libs  "SHELL=CMD" "COMPILER=arm-none-eabi-gcc" "ARCHIVER=arm-none-eabi-ar" "COMPILER_FLAGS=  -O2 -c" "EXTRA_COMPILER_FLAGS=-mcpu=cortex-a9 -mfpu=vfpv3 -mfloat-abi=hard -nostartfiles -g -Wall -Wextra"
"Compiling cpu_cortexa9"
"Running Make libs in ps7_cortexa9_0/libsrc/ddrps_v1_0/src"
make -C ps7_cortexa9_0/libsrc/ddrps_v1_0/src -s libs  "SHELL=CMD" "COMPILER=arm-none-eabi-gcc" "ARCHIVER=arm-none-eabi-ar" "COMPILER_FLAGS=  -O2 -c" "EXTRA_COMPILER_FLAGS=-mcpu=cortex-a9 -mfpu=vfpv3 -mfloat-abi=hard -nostartfiles -g -Wall -Wextra"
"Compiling ddrps"
"Running Make libs in ps7_cortexa9_0/libsrc/devcfg_v3_5/src"
make -C ps7_cortexa9_0/libsrc/devcfg_v3_5/src -s libs  "SHELL=CMD" "COMPILER=arm-none-eabi-gcc" "ARCHIVER=arm-none-eabi-ar" "COMPILER_FLAGS=  -O2 -c" "EXTRA_COMPILER_FLAGS=-mcpu=cortex-a9 -mfpu=vfpv3 -mfloat-abi=hard -nostartfiles -g -Wall -Wextra"
"Compiling devcfg"
"Running Make libs in ps7_cortexa9_0/libsrc/dmaps_v2_3/src"
make -C ps7_cortexa9_0/libsrc/dmaps_v2_3/src -s libs  "SHELL=CMD" "COMPILER=arm-none-eabi-gcc" "ARCHIVER=arm-none-eabi-ar" "COMPILER_FLAGS=  -O2 -c" "EXTRA_COMPILER_FLAGS=-mcpu=cortex-a9 -mfpu=vfpv3 -mfloat-abi=hard -nostartfiles -g -Wall -Wextra"
"Compiling dmaps"
"Running Make libs in ps7_cortexa9_0/libsrc/emacps_v3_7/src"
make -C ps7_cortexa9_0/libsrc/emacps_v3_7/src -s libs  "SHELL=CMD" "COMPILER=arm-none-eabi-gcc" "ARCHIVER=arm-none-eabi-ar" "COMPILER_FLAGS=  -O2 -c" "EXTRA_COMPILER_FLAGS=-mcpu=cortex-a9 -mfpu=vfpv3 -mfloat-abi=hard -nostartfiles -g -Wall -Wextra"
"Compiling emacps"
"Running Make libs in ps7_cortexa9_0/libsrc/gpio_v4_3/src"
make -C ps7_cortexa9_0/libsrc/gpio_v4_3/src -s libs  "SHELL=CMD" "COMPILER=arm-none-eabi-gcc" "ARCHIVER=arm-none-eabi-ar" "COMPILER_FLAGS=  -O2 -c" "EXTRA_COMPILER_FLAGS=-mcpu=cortex-a9 -mfpu=vfpv3 -mfloat-abi=hard -nostartfiles -g -Wall -Wextra"
"Compiling gpio"
"Running Make libs in ps7_cortexa9_0/libsrc/iicps_v3_6/src"
make -C ps7_cortexa9_0/libsrc/iicps_v3_6/src -s libs  "SHELL=CMD" "COMPILER=arm-none-eabi-gcc" "ARCHIVER=arm-none-eabi-ar" "COMPILER_FLAGS=  -O2 -c" "EXTRA_COMPILER_FLAGS=-mcpu=cortex-a9 -mfpu=vfpv3 -mfloat-abi=hard -nostartfiles -g -Wall -Wextra"
"Compiling iicps"
"Running Make libs in ps7_cortexa9_0/libsrc/nandps_v2_3/src"
make -C ps7_cortexa9_0/libsrc/nandps_v2_3/src -s libs  "SHELL=CMD" "COMPILER=arm-none-eabi-gcc" "ARCHIVER=arm-none-eabi-ar" "COMPILER_FLAGS=  -O2 -c" "EXTRA_COMPILER_FLAGS=-mcpu=cortex-a9 -mfpu=vfpv3 -mfloat-abi=hard -nostartfiles -g -Wall -Wextra"
"Compiling nandps"
"Running Make libs in ps7_cortexa9_0/libsrc/scugic_v3_9/src"
make -C ps7_cortexa9_0/libsrc/scugic_v3_9/src -s libs  "SHELL=CMD" "COMPILER=arm-none-eabi-gcc" "ARCHIVER=arm-none-eabi-ar" "COMPILER_FLAGS=  -O2 -c" "EXTRA_COMPILER_FLAGS=-mcpu=cortex-a9 -mfpu=vfpv3 -mfloat-abi=hard -nostartfiles -g -Wall -Wextra"
"Compiling scugic"
"Running Make libs in ps7_cortexa9_0/libsrc/scutimer_v2_1/src"
make -C ps7_cortexa9_0/libsrc/scutimer_v2_1/src -s libs  "SHELL=CMD" "COMPILER=arm-none-eabi-gcc" "ARCHIVER=arm-none-eabi-ar" "COMPILER_FLAGS=  -O2 -c" "EXTRA_COMPILER_FLAGS=-mcpu=cortex-a9 -mfpu=vfpv3 -mfloat-abi=hard -nostartfiles -g -Wall -Wextra"
"Compiling scutimer"
"Running Make libs in ps7_cortexa9_0/libsrc/scuwdt_v2_1/src"
make -C ps7_cortexa9_0/libsrc/scuwdt_v2_1/src -s libs  "SHELL=CMD" "COMPILER=arm-none-eabi-gcc" "ARCHIVER=arm-none-eabi-ar" "COMPILER_FLAGS=  -O2 -c" "EXTRA_COMPILER_FLAGS=-mcpu=cortex-a9 -mfpu=vfpv3 -mfloat-abi=hard -nostartfiles -g -Wall -Wextra"
"Compiling scuwdt"
"Running Make libs in ps7_cortexa9_0/libsrc/standalone_v6_6/src"
make -C ps7_cortexa9_0/libsrc/standalone_v6_6/src -s libs  "SHELL=CMD" "COMPILER=arm-none-eabi-gcc" "ARCHIVER=arm-none-eabi-ar" "COMPILER_FLAGS=  -O2 -c" "EXTRA_COMPILER_FLAGS=-mcpu=cortex-a9 -mfpu=vfpv3 -mfloat-abi=hard -nostartfiles -g -Wall -Wextra"
"Compiling standalone"
In file included from sleep.c:57:0:
xtime_l.h:89:9: note: #pragma message: For the sleep routines, Global timer is being used
 #pragma message ("For the sleep routines, Global timer is being used")
         ^~~~~~~
In file included from usleep.c:60:0:
xtime_l.h:89:9: note: #pragma message: For the sleep routines, Global timer is being used
 #pragma message ("For the sleep routines, Global timer is being used")
         ^~~~~~~
In file included from xil_sleeptimer.c:54:0:
xtime_l.h:89:9: note: #pragma message: For the sleep routines, Global timer is being used
 #pragma message ("For the sleep routines, Global timer is being used")
         ^~~~~~~
In file included from xtime_l.c:53:0:
xtime_l.h:89:9: note: #pragma message: For the sleep routines, Global timer is being used
 #pragma message ("For the sleep routines, Global timer is being used")
         ^~~~~~~
"Running Make libs in ps7_cortexa9_0/libsrc/uartps_v3_6/src"
make -C ps7_cortexa9_0/libsrc/uartps_v3_6/src -s libs  "SHELL=CMD" "COMPILER=arm-none-eabi-gcc" "ARCHIVER=arm-none-eabi-ar" "COMPILER_FLAGS=  -O2 -c" "EXTRA_COMPILER_FLAGS=-mcpu=cortex-a9 -mfpu=vfpv3 -mfloat-abi=hard -nostartfiles -g -Wall -Wextra"
"Compiling uartps"
"Running Make libs in ps7_cortexa9_0/libsrc/xadcps_v2_2/src"
make -C ps7_cortexa9_0/libsrc/xadcps_v2_2/src -s libs  "SHELL=CMD" "COMPILER=arm-none-eabi-gcc" "ARCHIVER=arm-none-eabi-ar" "COMPILER_FLAGS=  -O2 -c" "EXTRA_COMPILER_FLAGS=-mcpu=cortex-a9 -mfpu=vfpv3 -mfloat-abi=hard -nostartfiles -g -Wall -Wextra"
"Compiling xadcps"
'Finished building libraries'
11:17:26 **** Build of configuration Debug for project ps ****
make pre-build main-build 
a9-linaro-pre-build-step
' '
'Building file: ../src/Bsp_RGB_Samp.c'
'Invoking: ARM v7 gcc compiler'
arm-none-eabi-gcc -Wall -O0 -g3 -c -fmessage-length=0 -MT"src/Bsp_RGB_Samp.o" -mcpu=cortex-a9 -mfpu=vfpv3 -mfloat-abi=hard -I../../ps_bsp/ps7_cortexa9_0/include -MMD -MP -MF"src/Bsp_RGB_Samp.d" -MT"src/Bsp_RGB_Samp.o" -o "src/Bsp_RGB_Samp.o" "../src/Bsp_RGB_Samp.c"
../src/Bsp_RGB_Samp.c: In function 'Bsp_RGB_GetpFrames':
../src/Bsp_RGB_Samp.c:72:9: warning: assignment makes pointer from integer without a cast [-Wint-conversion]
    *OutP=addr;
         ^
../src/Bsp_RGB_Samp.c:73:22: warning: assignment from incompatible pointer type [-Wincompatible-pointer-types]
    RGBSamp.Framesp[i]=(unsigned char*) addr;
                      ^
'Finished building: ../src/Bsp_RGB_Samp.c'
' '
'Building file: ../src/Bsp_TwoCPU.c'
'Invoking: ARM v7 gcc compiler'
arm-none-eabi-gcc -Wall -O0 -g3 -c -fmessage-length=0 -MT"src/Bsp_TwoCPU.o" -mcpu=cortex-a9 -mfpu=vfpv3 -mfloat-abi=hard -I../../ps_bsp/ps7_cortexa9_0/include -MMD -MP -MF"src/Bsp_TwoCPU.d" -MT"src/Bsp_TwoCPU.o" -o "src/Bsp_TwoCPU.o" "../src/Bsp_TwoCPU.c"
In file included from ../src/Bsp_TwoCPU.c:6:0:
../src/Bsp_TwoCPU.h:48:0: warning: "MAXDDRNUM" redefined
 #define MAXDDRNUM     8   //定义DDR存放路数  Bsp_RGB_Samp.h中定义
 
In file included from ../src/Bsp_TwoCPU.h:46:0,
                 from ../src/Bsp_TwoCPU.c:6:
../src/Bsp_RGB_Samp.h:6:0: note: this is the location of the previous definition
 #define MAXDDRNUM       4
 
'Finished building: ../src/Bsp_TwoCPU.c'
' '
'Building file: ../src/Bsp_VDMAframe.c'
'Invoking: ARM v7 gcc compiler'
arm-none-eabi-gcc -Wall -O0 -g3 -c -fmessage-length=0 -MT"src/Bsp_VDMAframe.o" -mcpu=cortex-a9 -mfpu=vfpv3 -mfloat-abi=hard -I../../ps_bsp/ps7_cortexa9_0/include -MMD -MP -MF"src/Bsp_VDMAframe.d" -MT"src/Bsp_VDMAframe.o" -o "src/Bsp_VDMAframe.o" "../src/Bsp_VDMAframe.c"
'Finished building: ../src/Bsp_VDMAframe.c'
' '
'Building file: ../src/Image_Pixl.c'
'Invoking: ARM v7 gcc compiler'
arm-none-eabi-gcc -Wall -O0 -g3 -c -fmessage-length=0 -MT"src/Image_Pixl.o" -mcpu=cortex-a9 -mfpu=vfpv3 -mfloat-abi=hard -I../../ps_bsp/ps7_cortexa9_0/include -MMD -MP -MF"src/Image_Pixl.d" -MT"src/Image_Pixl.o" -o "src/Image_Pixl.o" "../src/Image_Pixl.c"
In file included from ../src/Image_Pixl.c:2:0:
../src/Bsp_TwoCPU.h:48:0: warning: "MAXDDRNUM" redefined
 #define MAXDDRNUM     8   //定义DDR存放路数  Bsp_RGB_Samp.h中定义
 
In file included from ../src/Bsp_TwoCPU.h:46:0,
                 from ../src/Image_Pixl.c:2:
../src/Bsp_RGB_Samp.h:6:0: note: this is the location of the previous definition
 #define MAXDDRNUM       4
 
../src/Image_Pixl.c: In function 'Image_Information':
../src/Image_Pixl.c:26:5: warning: implicit declaration of function 'Get_i1280720Reg' [-Wimplicit-function-declaration]
     Get_i1280720Reg(&IR_Pixel);
     ^~~~~~~~~~~~~~~
'Finished building: ../src/Image_Pixl.c'
' '
'Building file: ../src/SC030GS.c'
'Invoking: ARM v7 gcc compiler'
arm-none-eabi-gcc -Wall -O0 -g3 -c -fmessage-length=0 -MT"src/SC030GS.o" -mcpu=cortex-a9 -mfpu=vfpv3 -mfloat-abi=hard -I../../ps_bsp/ps7_cortexa9_0/include -MMD -MP -MF"src/SC030GS.d" -MT"src/SC030GS.o" -o "src/SC030GS.o" "../src/SC030GS.c"
../src/SC030GS.c: In function 'SC030GS_init':
../src/SC030GS.c:302:2: warning: implicit declaration of function 'xil_printf' [-Wimplicit-function-declaration]
  xil_printf("value = %x \r\n",value);
  ^~~~~~~~~~
../src/SC030GS.c:294:16: warning: unused variable 'status' [-Wunused-variable]
  unsigned char status;
                ^~~~~~
../src/SC030GS.c:293:15: warning: unused variable 'org' [-Wunused-variable]
  unsigned int org;
               ^~~
../src/SC030GS.c:291:16: warning: unused variable 'MorenRegAddr' [-Wunused-variable]
  unsigned int *MorenRegAddr;
                ^~~~~~~~~~~~
'Finished building: ../src/SC030GS.c'
' '
'Building file: ../src/get_image.c'
'Invoking: ARM v7 gcc compiler'
arm-none-eabi-gcc -Wall -O0 -g3 -c -fmessage-length=0 -MT"src/get_image.o" -mcpu=cortex-a9 -mfpu=vfpv3 -mfloat-abi=hard -I../../ps_bsp/ps7_cortexa9_0/include -MMD -MP -MF"src/get_image.d" -MT"src/get_image.o" -o "src/get_image.o" "../src/get_image.c"
In file included from ../src/get_image.h:20:0,
                 from ../src/get_image.c:48:
../src/Bsp_TwoCPU.h:48:0: warning: "MAXDDRNUM" redefined
 #define MAXDDRNUM     8   //定义DDR存放路数  Bsp_RGB_Samp.h中定义
 
In file included from ../src/Bsp_TwoCPU.h:46:0,
                 from ../src/get_image.h:20,
                 from ../src/get_image.c:48:
../src/Bsp_RGB_Samp.h:6:0: note: this is the location of the previous definition
 #define MAXDDRNUM       4
 
../src/get_image.c: In function 'Image_init':
../src/get_image.c:81:3: warning: implicit declaration of function 'Get_ImagePixel'; did you mean 'Get_imageSno'? [-Wimplicit-function-declaration]
   Get_ImagePixel(&HH,&VV,&channl,0);
   ^~~~~~~~~~~~~~
   Get_imageSno
../src/get_image.c:84:22: warning: passing argument 1 of 'Bsp_RGB_GetpFrames' from incompatible pointer type [-Wincompatible-pointer-types]
   Bsp_RGB_GetpFrames((unsigned int *)&pFrames[0], HH, VV, MAX_FRAME);//此函数将pFrames和RGBSamp.Framesp[i]指针都指向图片缓冲区，共8个
                      ^
In file included from ../src/Bsp_TwoCPU.h:46:0,
                 from ../src/get_image.h:20,
                 from ../src/get_image.c:48:
../src/Bsp_RGB_Samp.h:25:22: note: expected 'unsigned int **' but argument is of type 'unsigned int *'
 extern unsigned char Bsp_RGB_GetpFrames(unsigned int **OutP,unsigned int H,unsigned int V,unsigned char Num);
                      ^~~~~~~~~~~~~~~~~~
../src/get_image.c:94:3: warning: implicit declaration of function 'vdma1_write_init'; did you mean 'My_vdma_write_init'? [-Wimplicit-function-declaration]
   vdma1_write_init(XPAR_AXI_VDMA_VIDEOSTREAM_DEVICE_ID, 0x280, VV, 0x280, (unsigned char *)pFrames);
   ^~~~~~~~~~~~~~~~
   My_vdma_write_init
../src/get_image.c:97:3: warning: implicit declaration of function 'SC030GS_init' [-Wimplicit-function-declaration]
   SC030GS_init();//初始化
   ^~~~~~~~~~~~
../src/get_image.c:100:3: warning: implicit declaration of function 'vdma0_write_init'; did you mean 'My_vdma_write_init'? [-Wimplicit-function-declaration]
   vdma0_write_init();
   ^~~~~~~~~~~~~~~~
   My_vdma_write_init
../src/get_image.c:113:4: warning: implicit declaration of function 'xil_printf'; did you mean 'viprintf'? [-Wimplicit-function-declaration]
    xil_printf("R0_reg3 = %x \r\n",vdma0_rd_status());
    ^~~~~~~~~~
    viprintf
../src/get_image.c:76:16: warning: unused variable 'addrs' [-Wunused-variable]
   unsigned int addrs =0x17000000;
                ^~~~~
../src/get_image.c:75:7: warning: unused variable 'stats' [-Wunused-variable]
   int stats;
       ^~~~~
../src/get_image.c: In function 'Image_Get':
../src/get_image.c:135:11: warning: implicit declaration of function 'Bsp_ReadfreamSno'; did you mean 'Bsp_ReadCPU0CMD'? [-Wimplicit-function-declaration]
    sno[0]=Bsp_ReadfreamSno();//读取的是已经完成的帧号
           ^~~~~~~~~~~~~~~~
           Bsp_ReadCPU0CMD
../src/get_image.c:140:14: warning: implicit declaration of function 'Bsp_GetGrayCode' [-Wimplicit-function-declaration]
     Framesno=Bsp_GetGrayCode(sno[0]&0xf);
              ^~~~~~~~~~~~~~~
../src/get_image.c:145:6: warning: implicit declaration of function 'Bsp_SetSkipfreamSno' [-Wimplicit-function-declaration]
      Bsp_SetSkipfreamSno(sno[1]);
      ^~~~~~~~~~~~~~~~~~~
../src/get_image.c:134:18: warning: variable 'Framesno' set but not used [-Wunused-but-set-variable]
    unsigned char Framesno;
                  ^~~~~~~~
'Finished building: ../src/get_image.c'
' '
'Building file: ../src/helloworld.c'
'Invoking: ARM v7 gcc compiler'
arm-none-eabi-gcc -Wall -O0 -g3 -c -fmessage-length=0 -MT"src/helloworld.o" -mcpu=cortex-a9 -mfpu=vfpv3 -mfloat-abi=hard -I../../ps_bsp/ps7_cortexa9_0/include -MMD -MP -MF"src/helloworld.d" -MT"src/helloworld.o" -o "src/helloworld.o" "../src/helloworld.c"
../src/helloworld.c: In function 'main':
../src/helloworld.c:58:5: warning: implicit declaration of function 'Image_init' [-Wimplicit-function-declaration]
     Image_init();
     ^~~~~~~~~~
'Finished building: ../src/helloworld.c'
' '
'Building file: ../src/platform.c'
'Invoking: ARM v7 gcc compiler'
arm-none-eabi-gcc -Wall -O0 -g3 -c -fmessage-length=0 -MT"src/platform.o" -mcpu=cortex-a9 -mfpu=vfpv3 -mfloat-abi=hard -I../../ps_bsp/ps7_cortexa9_0/include -MMD -MP -MF"src/platform.d" -MT"src/platform.o" -o "src/platform.o" "../src/platform.c"
'Finished building: ../src/platform.c'
' '
'Building file: ../src/psiic.c'
'Invoking: ARM v7 gcc compiler'
arm-none-eabi-gcc -Wall -O0 -g3 -c -fmessage-length=0 -MT"src/psiic.o" -mcpu=cortex-a9 -mfpu=vfpv3 -mfloat-abi=hard -I../../ps_bsp/ps7_cortexa9_0/include -MMD -MP -MF"src/psiic.d" -MT"src/psiic.o" -o "src/psiic.o" "../src/psiic.c"
../src/psiic.c: In function 'i2c_wrtie_bytes':
../src/psiic.c:56:4: warning: implicit declaration of function 'usleep' [-Wimplicit-function-declaration]
    usleep(1);
    ^~~~~~
'Finished building: ../src/psiic.c'
' '
'Building file: ../src/sc030_fpga.c'
'Invoking: ARM v7 gcc compiler'
arm-none-eabi-gcc -Wall -O0 -g3 -c -fmessage-length=0 -MT"src/sc030_fpga.o" -mcpu=cortex-a9 -mfpu=vfpv3 -mfloat-abi=hard -I../../ps_bsp/ps7_cortexa9_0/include -MMD -MP -MF"src/sc030_fpga.d" -MT"src/sc030_fpga.o" -o "src/sc030_fpga.o" "../src/sc030_fpga.c"
../src/sc030_fpga.c: In function 'SC30_Set_SoftExposure':
../src/sc030_fpga.c:152:2: warning: implicit declaration of function 'usleep' [-Wimplicit-function-declaration]
  usleep(5);
  ^~~~~~
../src/sc030_fpga.c:145:8: warning: unused variable 'fz' [-Wunused-variable]
  float fz;
        ^~
'Finished building: ../src/sc030_fpga.c'
' '
'Building file: ../src/vdma.c'
'Invoking: ARM v7 gcc compiler'
arm-none-eabi-gcc -Wall -O0 -g3 -c -fmessage-length=0 -MT"src/vdma.o" -mcpu=cortex-a9 -mfpu=vfpv3 -mfloat-abi=hard -I../../ps_bsp/ps7_cortexa9_0/include -MMD -MP -MF"src/vdma.d" -MT"src/vdma.o" -o "src/vdma.o" "../src/vdma.c"
'Finished building: ../src/vdma.c'
' '
'Building file: ../src/vdma_my.c'
'Invoking: ARM v7 gcc compiler'
arm-none-eabi-gcc -Wall -O0 -g3 -c -fmessage-length=0 -MT"src/vdma_my.o" -mcpu=cortex-a9 -mfpu=vfpv3 -mfloat-abi=hard -I../../ps_bsp/ps7_cortexa9_0/include -MMD -MP -MF"src/vdma_my.d" -MT"src/vdma_my.o" -o "src/vdma_my.o" "../src/vdma_my.c"
../src/vdma_my.c: In function 'My_vdma_write_init':
../src/vdma_my.c:139:15: warning: unused variable 'STRIDE' [-Wunused-variable]
  unsigned int STRIDE;
               ^~~~~~
'Finished building: ../src/vdma_my.c'
' '
'Building target: ps.elf'
'Invoking: ARM v7 gcc linker'
arm-none-eabi-gcc -mcpu=cortex-a9 -mfpu=vfpv3 -mfloat-abi=hard -Wl,-build-id=none -specs=Xilinx.spec -Wl,-T -Wl,../src/lscript.ld -L../../ps_bsp/ps7_cortexa9_0/lib -o "ps.elf"  ./src/Bsp_RGB_Samp.o ./src/Bsp_TwoCPU.o ./src/Bsp_VDMAframe.o ./src/Image_Pixl.o ./src/SC030GS.o ./src/get_image.o ./src/helloworld.o ./src/platform.o ./src/psiic.o ./src/sc030_fpga.o ./src/vdma.o ./src/vdma_my.o   -Wl,--start-group,-lxil,-lgcc,-lc,--end-group
'Finished building target: ps.elf'
' '
'Invoking: ARM v7 Print Size'
arm-none-eabi-size ps.elf  |tee "ps.elf.size"
   text	   data	    bss	    dec	    hex	filename
  48108	   1984	  22904	  72996	  11d24	ps.elf
'Finished building: ps.elf.size'
' '
11:18:22 **** Incremental Build of configuration Debug for project ps ****
make pre-build main-build 
a9-linaro-pre-build-step
' '
make: Nothing to be done for `main-build'.
12:14:48 **** Incremental Build of configuration Debug for project ps ****
make pre-build main-build 
a9-linaro-pre-build-step
' '
make: Nothing to be done for `main-build'.
13:39:37 **** Incremental Build of configuration Debug for project ps ****
make pre-build main-build 
a9-linaro-pre-build-step
' '
make: Nothing to be done for `main-build'.
14:28:46 **** Incremental Build of configuration Debug for project ps ****
make pre-build main-build 
a9-linaro-pre-build-step
' '
make: Nothing to be done for `main-build'.
14:29:59 **** Auto Build of configuration Debug for project ps ****
make pre-build main-build 
a9-linaro-pre-build-step
' '
'Building file: ../src/sc030_fpga.c'
'Invoking: ARM v7 gcc compiler'
arm-none-eabi-gcc -Wall -O0 -g3 -c -fmessage-length=0 -MT"src/sc030_fpga.o" -mcpu=cortex-a9 -mfpu=vfpv3 -mfloat-abi=hard -I../../ps_bsp/ps7_cortexa9_0/include -MMD -MP -MF"src/sc030_fpga.d" -MT"src/sc030_fpga.o" -o "src/sc030_fpga.o" "../src/sc030_fpga.c"
../src/sc030_fpga.c: In function 'SC30_Set_SoftExposure':
../src/sc030_fpga.c:152:2: warning: implicit declaration of function 'usleep' [-Wimplicit-function-declaration]
  usleep(5);
  ^~~~~~
../src/sc030_fpga.c:145:8: warning: unused variable 'fz' [-Wunused-variable]
  float fz;
        ^~
'Finished building: ../src/sc030_fpga.c'
' '
'Building target: ps.elf'
'Invoking: ARM v7 gcc linker'
arm-none-eabi-gcc -mcpu=cortex-a9 -mfpu=vfpv3 -mfloat-abi=hard -Wl,-build-id=none -specs=Xilinx.spec -Wl,-T -Wl,../src/lscript.ld -L../../ps_bsp/ps7_cortexa9_0/lib -o "ps.elf"  ./src/Bsp_RGB_Samp.o ./src/Bsp_TwoCPU.o ./src/Bsp_VDMAframe.o ./src/Image_Pixl.o ./src/SC030GS.o ./src/get_image.o ./src/helloworld.o ./src/platform.o ./src/psiic.o ./src/sc030_fpga.o ./src/vdma.o ./src/vdma_my.o   -Wl,--start-group,-lxil,-lgcc,-lc,--end-group
'Finished building target: ps.elf'
' '
'Invoking: ARM v7 Print Size'
arm-none-eabi-size ps.elf  |tee "ps.elf.size"
   text	   data	    bss	    dec	    hex	filename
  48108	   1984	  22904	  72996	  11d24	ps.elf
'Finished building: ps.elf.size'
' '
14:30:05 **** Incremental Build of configuration Debug for project ps ****
make pre-build main-build 
a9-linaro-pre-build-step
' '
make: Nothing to be done for `main-build'.
14:30:48 **** Incremental Build of configuration Debug for project ps ****
make pre-build main-build 
a9-linaro-pre-build-step
' '
make: Nothing to be done for `main-build'.
14:32:15 **** Auto Build of configuration Debug for project ps ****
make pre-build main-build 
a9-linaro-pre-build-step
' '
'Building file: ../src/sc030_fpga.c'
'Invoking: ARM v7 gcc compiler'
arm-none-eabi-gcc -Wall -O0 -g3 -c -fmessage-length=0 -MT"src/sc030_fpga.o" -mcpu=cortex-a9 -mfpu=vfpv3 -mfloat-abi=hard -I../../ps_bsp/ps7_cortexa9_0/include -MMD -MP -MF"src/sc030_fpga.d" -MT"src/sc030_fpga.o" -o "src/sc030_fpga.o" "../src/sc030_fpga.c"
../src/sc030_fpga.c: In function 'SC30_Set_SoftExposure':
../src/sc030_fpga.c:152:2: warning: implicit declaration of function 'usleep' [-Wimplicit-function-declaration]
  usleep(5);
  ^~~~~~
../src/sc030_fpga.c:145:8: warning: unused variable 'fz' [-Wunused-variable]
  float fz;
        ^~
'Finished building: ../src/sc030_fpga.c'
' '
'Building target: ps.elf'
'Invoking: ARM v7 gcc linker'
arm-none-eabi-gcc -mcpu=cortex-a9 -mfpu=vfpv3 -mfloat-abi=hard -Wl,-build-id=none -specs=Xilinx.spec -Wl,-T -Wl,../src/lscript.ld -L../../ps_bsp/ps7_cortexa9_0/lib -o "ps.elf"  ./src/Bsp_RGB_Samp.o ./src/Bsp_TwoCPU.o ./src/Bsp_VDMAframe.o ./src/Image_Pixl.o ./src/SC030GS.o ./src/get_image.o ./src/helloworld.o ./src/platform.o ./src/psiic.o ./src/sc030_fpga.o ./src/vdma.o ./src/vdma_my.o   -Wl,--start-group,-lxil,-lgcc,-lc,--end-group
'Finished building target: ps.elf'
' '
'Invoking: ARM v7 Print Size'
arm-none-eabi-size ps.elf  |tee "ps.elf.size"
   text	   data	    bss	    dec	    hex	filename
  48108	   1984	  22904	  72996	  11d24	ps.elf
'Finished building: ps.elf.size'
' '
14:32:37 **** Incremental Build of configuration Debug for project ps ****
make pre-build main-build 
a9-linaro-pre-build-step
' '
make: Nothing to be done for `main-build'.
14:34:32 **** Auto Build of configuration Debug for project ps ****
make pre-build main-build 
a9-linaro-pre-build-step
' '
'Building file: ../src/sc030_fpga.c'
'Invoking: ARM v7 gcc compiler'
arm-none-eabi-gcc -Wall -O0 -g3 -c -fmessage-length=0 -MT"src/sc030_fpga.o" -mcpu=cortex-a9 -mfpu=vfpv3 -mfloat-abi=hard -I../../ps_bsp/ps7_cortexa9_0/include -MMD -MP -MF"src/sc030_fpga.d" -MT"src/sc030_fpga.o" -o "src/sc030_fpga.o" "../src/sc030_fpga.c"
../src/sc030_fpga.c: In function 'SC30_Set_SoftExposure':
../src/sc030_fpga.c:152:2: warning: implicit declaration of function 'usleep' [-Wimplicit-function-declaration]
  usleep(5);
  ^~~~~~
../src/sc030_fpga.c:145:8: warning: unused variable 'fz' [-Wunused-variable]
  float fz;
        ^~
'Finished building: ../src/sc030_fpga.c'
' '
'Building target: ps.elf'
'Invoking: ARM v7 gcc linker'
arm-none-eabi-gcc -mcpu=cortex-a9 -mfpu=vfpv3 -mfloat-abi=hard -Wl,-build-id=none -specs=Xilinx.spec -Wl,-T -Wl,../src/lscript.ld -L../../ps_bsp/ps7_cortexa9_0/lib -o "ps.elf"  ./src/Bsp_RGB_Samp.o ./src/Bsp_TwoCPU.o ./src/Bsp_VDMAframe.o ./src/Image_Pixl.o ./src/SC030GS.o ./src/get_image.o ./src/helloworld.o ./src/platform.o ./src/psiic.o ./src/sc030_fpga.o ./src/vdma.o ./src/vdma_my.o   -Wl,--start-group,-lxil,-lgcc,-lc,--end-group
'Finished building target: ps.elf'
' '
'Invoking: ARM v7 Print Size'
arm-none-eabi-size ps.elf  |tee "ps.elf.size"
   text	   data	    bss	    dec	    hex	filename
  48108	   1984	  22904	  72996	  11d24	ps.elf
'Finished building: ps.elf.size'
' '
14:34:49 **** Incremental Build of configuration Debug for project ps ****
make pre-build main-build 
a9-linaro-pre-build-step
' '
make: Nothing to be done for `main-build'.
15:11:27 **** Incremental Build of configuration Debug for project ps ****
make pre-build main-build 
a9-linaro-pre-build-step
' '
make: Nothing to be done for `main-build'.
15:43:05 **** Incremental Build of configuration Debug for project ps ****
make pre-build main-build 
a9-linaro-pre-build-step
' '
make: Nothing to be done for `main-build'.
16:34:45 **** Incremental Build of configuration Debug for project ps ****
make pre-build main-build 
a9-linaro-pre-build-step
' '
make: Nothing to be done for `main-build'.
08:40:52 **** Auto Build of configuration Debug for project ps ****
make pre-build main-build 
a9-linaro-pre-build-step
' '
make: Nothing to be done for `main-build'.
08:44:37 **** Incremental Build of configuration Debug for project ps ****
make pre-build main-build 
a9-linaro-pre-build-step
' '
make: Nothing to be done for `main-build'.
08:46:05 **** Incremental Build of configuration Debug for project ps ****
make pre-build main-build 
a9-linaro-pre-build-step
' '
make: Nothing to be done for `main-build'.
16:32:31 **** Auto Build of configuration Debug for project ps ****
make pre-build main-build 
a9-linaro-pre-build-step
' '
make: Nothing to be done for `main-build'.
16:33:16 **** Incremental Build of configuration Debug for project ps ****
make pre-build main-build 
a9-linaro-pre-build-step
' '
make: Nothing to be done for `main-build'.
10:12:41 **** Incremental Build of configuration Debug for project ps ****
make pre-build main-build 
a9-linaro-pre-build-step
' '
make: Nothing to be done for `main-build'.
10:42:52 **** Auto Build of configuration Debug for project ps ****
make pre-build main-build 
a9-linaro-pre-build-step
' '
'Building file: ../src/get_image.c'
'Invoking: ARM v7 gcc compiler'
arm-none-eabi-gcc -Wall -O0 -g3 -c -fmessage-length=0 -MT"src/get_image.o" -mcpu=cortex-a9 -mfpu=vfpv3 -mfloat-abi=hard -I../../ps_bsp/ps7_cortexa9_0/include -MMD -MP -MF"src/get_image.d" -MT"src/get_image.o" -o "src/get_image.o" "../src/get_image.c"
In file included from ../src/get_image.h:20:0,
                 from ../src/get_image.c:48:
../src/Bsp_TwoCPU.h:48:0: warning: "MAXDDRNUM" redefined
 #define MAXDDRNUM     8   //定义DDR存放路数  Bsp_RGB_Samp.h中定义
 
In file included from ../src/Bsp_TwoCPU.h:46:0,
                 from ../src/get_image.h:20,
                 from ../src/get_image.c:48:
../src/Bsp_RGB_Samp.h:6:0: note: this is the location of the previous definition
 #define MAXDDRNUM       4
 
../src/get_image.c: In function 'Image_init':
../src/get_image.c:81:3: warning: implicit declaration of function 'Get_ImagePixel'; did you mean 'Get_imageSno'? [-Wimplicit-function-declaration]
   Get_ImagePixel(&HH,&VV,&channl,0);
   ^~~~~~~~~~~~~~
   Get_imageSno
../src/get_image.c:84:22: warning: passing argument 1 of 'Bsp_RGB_GetpFrames' from incompatible pointer type [-Wincompatible-pointer-types]
   Bsp_RGB_GetpFrames((unsigned int *)&pFrames[0], HH, VV, MAX_FRAME);//此函数将pFrames和RGBSamp.Framesp[i]指针都指向图片缓冲区，共8个
                      ^
In file included from ../src/Bsp_TwoCPU.h:46:0,
                 from ../src/get_image.h:20,
                 from ../src/get_image.c:48:
../src/Bsp_RGB_Samp.h:25:22: note: expected 'unsigned int **' but argument is of type 'unsigned int *'
 extern unsigned char Bsp_RGB_GetpFrames(unsigned int **OutP,unsigned int H,unsigned int V,unsigned char Num);
                      ^~~~~~~~~~~~~~~~~~
../src/get_image.c:94:3: warning: implicit declaration of function 'vdma1_write_init'; did you mean 'My_vdma_write_init'? [-Wimplicit-function-declaration]
   vdma1_write_init(XPAR_AXI_VDMA_VIDEOSTREAM_DEVICE_ID, 0x280, VV, 0x280, (unsigned char *)pFrames);
   ^~~~~~~~~~~~~~~~
   My_vdma_write_init
../src/get_image.c:97:3: warning: implicit declaration of function 'SC030GS_init' [-Wimplicit-function-declaration]
   SC030GS_init();//初始化
   ^~~~~~~~~~~~
../src/get_image.c:100:3: warning: implicit declaration of function 'vdma0_write_init'; did you mean 'My_vdma_write_init'? [-Wimplicit-function-declaration]
   vdma0_write_init();
   ^~~~~~~~~~~~~~~~
   My_vdma_write_init
../src/get_image.c:109:3: error: unknown type name 'uint8'; did you mean 'uint'?
   uint8 hist_en = 0x00;
   ^~~~~
   uint
../src/get_image.c:115:4: warning: implicit declaration of function 'xil_printf'; did you mean 'viprintf'? [-Wimplicit-function-declaration]
    xil_printf("R0_reg3 = %x \r\n",vdma0_rd_status());
    ^~~~~~~~~~
    viprintf
../src/get_image.c:128:4: warning: implicit declaration of function 'hist_ctl' [-Wimplicit-function-declaration]
    hist_ctl(hist_en);
    ^~~~~~~~
../src/get_image.c:76:16: warning: unused variable 'addrs' [-Wunused-variable]
   unsigned int addrs =0x17000000;
                ^~~~~
../src/get_image.c:75:7: warning: unused variable 'stats' [-Wunused-variable]
   int stats;
       ^~~~~
../src/get_image.c: In function 'Image_Get':
../src/get_image.c:148:11: warning: implicit declaration of function 'Bsp_ReadfreamSno'; did you mean 'Bsp_ReadCPU0CMD'? [-Wimplicit-function-declaration]
    sno[0]=Bsp_ReadfreamSno();//读取的是已经完成的帧号
           ^~~~~~~~~~~~~~~~
           Bsp_ReadCPU0CMD
../src/get_image.c:153:14: warning: implicit declaration of function 'Bsp_GetGrayCode' [-Wimplicit-function-declaration]
     Framesno=Bsp_GetGrayCode(sno[0]&0xf);
              ^~~~~~~~~~~~~~~
../src/get_image.c:158:6: warning: implicit declaration of function 'Bsp_SetSkipfreamSno' [-Wimplicit-function-declaration]
      Bsp_SetSkipfreamSno(sno[1]);
      ^~~~~~~~~~~~~~~~~~~
../src/get_image.c:147:18: warning: variable 'Framesno' set but not used [-Wunused-but-set-variable]
    unsigned char Framesno;
                  ^~~~~~~~
make: *** [src/get_image.o] 错误 1
10:43:17 **** Auto Build of configuration Debug for project ps ****
make pre-build main-build 
a9-linaro-pre-build-step
' '
'Building file: ../src/get_image.c'
'Invoking: ARM v7 gcc compiler'
arm-none-eabi-gcc -Wall -O0 -g3 -c -fmessage-length=0 -MT"src/get_image.o" -mcpu=cortex-a9 -mfpu=vfpv3 -mfloat-abi=hard -I../../ps_bsp/ps7_cortexa9_0/include -MMD -MP -MF"src/get_image.d" -MT"src/get_image.o" -o "src/get_image.o" "../src/get_image.c"
In file included from ../src/get_image.h:20:0,
                 from ../src/get_image.c:48:
../src/Bsp_TwoCPU.h:48:0: warning: "MAXDDRNUM" redefined
 #define MAXDDRNUM     8   //定义DDR存放路数  Bsp_RGB_Samp.h中定义
 
In file included from ../src/Bsp_TwoCPU.h:46:0,
                 from ../src/get_image.h:20,
                 from ../src/get_image.c:48:
../src/Bsp_RGB_Samp.h:6:0: note: this is the location of the previous definition
 #define MAXDDRNUM       4
 
../src/get_image.c: In function 'Image_init':
../src/get_image.c:81:3: warning: implicit declaration of function 'Get_ImagePixel'; did you mean 'Get_imageSno'? [-Wimplicit-function-declaration]
   Get_ImagePixel(&HH,&VV,&channl,0);
   ^~~~~~~~~~~~~~
   Get_imageSno
../src/get_image.c:84:22: warning: passing argument 1 of 'Bsp_RGB_GetpFrames' from incompatible pointer type [-Wincompatible-pointer-types]
   Bsp_RGB_GetpFrames((unsigned int *)&pFrames[0], HH, VV, MAX_FRAME);//此函数将pFrames和RGBSamp.Framesp[i]指针都指向图片缓冲区，共8个
                      ^
In file included from ../src/Bsp_TwoCPU.h:46:0,
                 from ../src/get_image.h:20,
                 from ../src/get_image.c:48:
../src/Bsp_RGB_Samp.h:25:22: note: expected 'unsigned int **' but argument is of type 'unsigned int *'
 extern unsigned char Bsp_RGB_GetpFrames(unsigned int **OutP,unsigned int H,unsigned int V,unsigned char Num);
                      ^~~~~~~~~~~~~~~~~~
../src/get_image.c:94:3: warning: implicit declaration of function 'vdma1_write_init'; did you mean 'My_vdma_write_init'? [-Wimplicit-function-declaration]
   vdma1_write_init(XPAR_AXI_VDMA_VIDEOSTREAM_DEVICE_ID, 0x280, VV, 0x280, (unsigned char *)pFrames);
   ^~~~~~~~~~~~~~~~
   My_vdma_write_init
../src/get_image.c:97:3: warning: implicit declaration of function 'SC030GS_init' [-Wimplicit-function-declaration]
   SC030GS_init();//初始化
   ^~~~~~~~~~~~
../src/get_image.c:100:3: warning: implicit declaration of function 'vdma0_write_init'; did you mean 'My_vdma_write_init'? [-Wimplicit-function-declaration]
   vdma0_write_init();
   ^~~~~~~~~~~~~~~~
   My_vdma_write_init
../src/get_image.c:109:3: error: unknown type name 'uint8'; did you mean 'uint'?
   uint8 hist_en = 0x00;
   ^~~~~
   uint
../src/get_image.c:115:4: warning: implicit declaration of function 'xil_printf'; did you mean 'viprintf'? [-Wimplicit-function-declaration]
    xil_printf("R0_reg3 = %x \r\n",vdma0_rd_status());
    ^~~~~~~~~~
    viprintf
../src/get_image.c:128:4: warning: implicit declaration of function 'hist_ctl' [-Wimplicit-function-declaration]
    hist_ctl(hist_en);
    ^~~~~~~~
../src/get_image.c:76:16: warning: unused variable 'addrs' [-Wunused-variable]
   unsigned int addrs =0x17000000;
                ^~~~~
../src/get_image.c:75:7: warning: unused variable 'stats' [-Wunused-variable]
   int stats;
       ^~~~~
../src/get_image.c: In function 'Image_Get':
../src/get_image.c:148:11: warning: implicit declaration of function 'Bsp_ReadfreamSno'; did you mean 'Bsp_ReadCPU0CMD'? [-Wimplicit-function-declaration]
    sno[0]=Bsp_ReadfreamSno();//读取的是已经完成的帧号
           ^~~~~~~~~~~~~~~~
           Bsp_ReadCPU0CMD
../src/get_image.c:153:14: warning: implicit declaration of function 'Bsp_GetGrayCode' [-Wimplicit-function-declaration]
     Framesno=Bsp_GetGrayCode(sno[0]&0xf);
              ^~~~~~~~~~~~~~~
../src/get_image.c:158:6: warning: implicit declaration of function 'Bsp_SetSkipfreamSno' [-Wimplicit-function-declaration]
      Bsp_SetSkipfreamSno(sno[1]);
      ^~~~~~~~~~~~~~~~~~~
../src/get_image.c:147:18: warning: variable 'Framesno' set but not used [-Wunused-but-set-variable]
    unsigned char Framesno;
                  ^~~~~~~~
make: *** [src/get_image.o] 错误 1
10:44:15 **** Auto Build of configuration Debug for project ps ****
make pre-build main-build 
a9-linaro-pre-build-step
' '
'Building file: ../src/get_image.c'
'Invoking: ARM v7 gcc compiler'
arm-none-eabi-gcc -Wall -O0 -g3 -c -fmessage-length=0 -MT"src/get_image.o" -mcpu=cortex-a9 -mfpu=vfpv3 -mfloat-abi=hard -I../../ps_bsp/ps7_cortexa9_0/include -MMD -MP -MF"src/get_image.d" -MT"src/get_image.o" -o "src/get_image.o" "../src/get_image.c"
In file included from ../src/get_image.h:20:0,
                 from ../src/get_image.c:48:
../src/Bsp_TwoCPU.h:48:0: warning: "MAXDDRNUM" redefined
 #define MAXDDRNUM     8   //定义DDR存放路数  Bsp_RGB_Samp.h中定义
 
In file included from ../src/Bsp_TwoCPU.h:46:0,
                 from ../src/get_image.h:20,
                 from ../src/get_image.c:48:
../src/Bsp_RGB_Samp.h:6:0: note: this is the location of the previous definition
 #define MAXDDRNUM       4
 
In file included from ../src/get_image.c:50:0:
../src/sc030_fpga.h:19:15: error: expected declaration specifiers or '...' before '(' token
 void hist_ctl((unsigned char  val);
               ^
../src/get_image.c:57:13: error: storage class specified for parameter 'My_vdma_write_init'
 extern void My_vdma_write_init(unsigned int H,unsigned int V,unsigned int channle,unsigned int *Rx,unsigned char Rxnum);
             ^~~~~~~~~~~~~~~~~~
../src/get_image.c:59:1: error: expected ';', ',' or ')' before '{' token
 {
 ^
make: *** [src/get_image.o] 错误 1
10:44:29 **** Auto Build of configuration Debug for project ps ****
make pre-build main-build 
a9-linaro-pre-build-step
' '
'Building file: ../src/get_image.c'
'Invoking: ARM v7 gcc compiler'
arm-none-eabi-gcc -Wall -O0 -g3 -c -fmessage-length=0 -MT"src/get_image.o" -mcpu=cortex-a9 -mfpu=vfpv3 -mfloat-abi=hard -I../../ps_bsp/ps7_cortexa9_0/include -MMD -MP -MF"src/get_image.d" -MT"src/get_image.o" -o "src/get_image.o" "../src/get_image.c"
In file included from ../src/get_image.h:20:0,
                 from ../src/get_image.c:48:
../src/Bsp_TwoCPU.h:48:0: warning: "MAXDDRNUM" redefined
 #define MAXDDRNUM     8   //定义DDR存放路数  Bsp_RGB_Samp.h中定义
 
In file included from ../src/Bsp_TwoCPU.h:46:0,
                 from ../src/get_image.h:20,
                 from ../src/get_image.c:48:
../src/Bsp_RGB_Samp.h:6:0: note: this is the location of the previous definition
 #define MAXDDRNUM       4
 
In file included from ../src/get_image.c:50:0:
../src/sc030_fpga.h:19:15: error: expected declaration specifiers or '...' before '(' token
 void hist_ctl((unsigned char  val);
               ^
../src/get_image.c:57:13: error: storage class specified for parameter 'My_vdma_write_init'
 extern void My_vdma_write_init(unsigned int H,unsigned int V,unsigned int channle,unsigned int *Rx,unsigned char Rxnum);
             ^~~~~~~~~~~~~~~~~~
../src/get_image.c:59:1: error: expected ';', ',' or ')' before '{' token
 {
 ^
make: *** [src/get_image.o] 错误 1
10:44:41 **** Auto Build of configuration Debug for project ps ****
make pre-build main-build 
a9-linaro-pre-build-step
' '
'Building file: ../src/get_image.c'
'Invoking: ARM v7 gcc compiler'
arm-none-eabi-gcc -Wall -O0 -g3 -c -fmessage-length=0 -MT"src/get_image.o" -mcpu=cortex-a9 -mfpu=vfpv3 -mfloat-abi=hard -I../../ps_bsp/ps7_cortexa9_0/include -MMD -MP -MF"src/get_image.d" -MT"src/get_image.o" -o "src/get_image.o" "../src/get_image.c"
In file included from ../src/get_image.h:20:0,
                 from ../src/get_image.c:48:
../src/Bsp_TwoCPU.h:48:0: warning: "MAXDDRNUM" redefined
 #define MAXDDRNUM     8   //定义DDR存放路数  Bsp_RGB_Samp.h中定义
 
In file included from ../src/Bsp_TwoCPU.h:46:0,
                 from ../src/get_image.h:20,
                 from ../src/get_image.c:48:
../src/Bsp_RGB_Samp.h:6:0: note: this is the location of the previous definition
 #define MAXDDRNUM       4
 
../src/get_image.c: In function 'Image_init':
../src/get_image.c:81:3: warning: implicit declaration of function 'Get_ImagePixel'; did you mean 'Get_imageSno'? [-Wimplicit-function-declaration]
   Get_ImagePixel(&HH,&VV,&channl,0);
   ^~~~~~~~~~~~~~
   Get_imageSno
../src/get_image.c:84:22: warning: passing argument 1 of 'Bsp_RGB_GetpFrames' from incompatible pointer type [-Wincompatible-pointer-types]
   Bsp_RGB_GetpFrames((unsigned int *)&pFrames[0], HH, VV, MAX_FRAME);//此函数将pFrames和RGBSamp.Framesp[i]指针都指向图片缓冲区，共8个
                      ^
In file included from ../src/Bsp_TwoCPU.h:46:0,
                 from ../src/get_image.h:20,
                 from ../src/get_image.c:48:
../src/Bsp_RGB_Samp.h:25:22: note: expected 'unsigned int **' but argument is of type 'unsigned int *'
 extern unsigned char Bsp_RGB_GetpFrames(unsigned int **OutP,unsigned int H,unsigned int V,unsigned char Num);
                      ^~~~~~~~~~~~~~~~~~
../src/get_image.c:94:3: warning: implicit declaration of function 'vdma1_write_init'; did you mean 'My_vdma_write_init'? [-Wimplicit-function-declaration]
   vdma1_write_init(XPAR_AXI_VDMA_VIDEOSTREAM_DEVICE_ID, 0x280, VV, 0x280, (unsigned char *)pFrames);
   ^~~~~~~~~~~~~~~~
   My_vdma_write_init
../src/get_image.c:97:3: warning: implicit declaration of function 'SC030GS_init' [-Wimplicit-function-declaration]
   SC030GS_init();//初始化
   ^~~~~~~~~~~~
../src/get_image.c:100:3: warning: implicit declaration of function 'vdma0_write_init'; did you mean 'My_vdma_write_init'? [-Wimplicit-function-declaration]
   vdma0_write_init();
   ^~~~~~~~~~~~~~~~
   My_vdma_write_init
../src/get_image.c:109:3: error: unknown type name 'uint8'; did you mean 'uint'?
   uint8 hist_en = 0x00;
   ^~~~~
   uint
../src/get_image.c:115:4: warning: implicit declaration of function 'xil_printf'; did you mean 'viprintf'? [-Wimplicit-function-declaration]
    xil_printf("R0_reg3 = %x \r\n",vdma0_rd_status());
    ^~~~~~~~~~
    viprintf
../src/get_image.c:76:16: warning: unused variable 'addrs' [-Wunused-variable]
   unsigned int addrs =0x17000000;
                ^~~~~
../src/get_image.c:75:7: warning: unused variable 'stats' [-Wunused-variable]
   int stats;
       ^~~~~
../src/get_image.c: In function 'Image_Get':
../src/get_image.c:148:11: warning: implicit declaration of function 'Bsp_ReadfreamSno'; did you mean 'Bsp_ReadCPU0CMD'? [-Wimplicit-function-declaration]
    sno[0]=Bsp_ReadfreamSno();//读取的是已经完成的帧号
           ^~~~~~~~~~~~~~~~
           Bsp_ReadCPU0CMD
../src/get_image.c:153:14: warning: implicit declaration of function 'Bsp_GetGrayCode' [-Wimplicit-function-declaration]
     Framesno=Bsp_GetGrayCode(sno[0]&0xf);
              ^~~~~~~~~~~~~~~
../src/get_image.c:158:6: warning: implicit declaration of function 'Bsp_SetSkipfreamSno' [-Wimplicit-function-declaration]
      Bsp_SetSkipfreamSno(sno[1]);
      ^~~~~~~~~~~~~~~~~~~
../src/get_image.c:147:18: warning: variable 'Framesno' set but not used [-Wunused-but-set-variable]
    unsigned char Framesno;
                  ^~~~~~~~
make: *** [src/get_image.o] 错误 1
10:44:54 **** Auto Build of configuration Debug for project ps ****
make pre-build main-build 
a9-linaro-pre-build-step
' '
'Building file: ../src/get_image.c'
'Invoking: ARM v7 gcc compiler'
arm-none-eabi-gcc -Wall -O0 -g3 -c -fmessage-length=0 -MT"src/get_image.o" -mcpu=cortex-a9 -mfpu=vfpv3 -mfloat-abi=hard -I../../ps_bsp/ps7_cortexa9_0/include -MMD -MP -MF"src/get_image.d" -MT"src/get_image.o" -o "src/get_image.o" "../src/get_image.c"
In file included from ../src/get_image.h:20:0,
                 from ../src/get_image.c:48:
../src/Bsp_TwoCPU.h:48:0: warning: "MAXDDRNUM" redefined
 #define MAXDDRNUM     8   //定义DDR存放路数  Bsp_RGB_Samp.h中定义
 
In file included from ../src/Bsp_TwoCPU.h:46:0,
                 from ../src/get_image.h:20,
                 from ../src/get_image.c:48:
../src/Bsp_RGB_Samp.h:6:0: note: this is the location of the previous definition
 #define MAXDDRNUM       4
 
../src/get_image.c: In function 'Image_init':
../src/get_image.c:81:3: warning: implicit declaration of function 'Get_ImagePixel'; did you mean 'Get_imageSno'? [-Wimplicit-function-declaration]
   Get_ImagePixel(&HH,&VV,&channl,0);
   ^~~~~~~~~~~~~~
   Get_imageSno
../src/get_image.c:84:22: warning: passing argument 1 of 'Bsp_RGB_GetpFrames' from incompatible pointer type [-Wincompatible-pointer-types]
   Bsp_RGB_GetpFrames((unsigned int *)&pFrames[0], HH, VV, MAX_FRAME);//此函数将pFrames和RGBSamp.Framesp[i]指针都指向图片缓冲区，共8个
                      ^
In file included from ../src/Bsp_TwoCPU.h:46:0,
                 from ../src/get_image.h:20,
                 from ../src/get_image.c:48:
../src/Bsp_RGB_Samp.h:25:22: note: expected 'unsigned int **' but argument is of type 'unsigned int *'
 extern unsigned char Bsp_RGB_GetpFrames(unsigned int **OutP,unsigned int H,unsigned int V,unsigned char Num);
                      ^~~~~~~~~~~~~~~~~~
../src/get_image.c:94:3: warning: implicit declaration of function 'vdma1_write_init'; did you mean 'My_vdma_write_init'? [-Wimplicit-function-declaration]
   vdma1_write_init(XPAR_AXI_VDMA_VIDEOSTREAM_DEVICE_ID, 0x280, VV, 0x280, (unsigned char *)pFrames);
   ^~~~~~~~~~~~~~~~
   My_vdma_write_init
../src/get_image.c:97:3: warning: implicit declaration of function 'SC030GS_init' [-Wimplicit-function-declaration]
   SC030GS_init();//初始化
   ^~~~~~~~~~~~
../src/get_image.c:100:3: warning: implicit declaration of function 'vdma0_write_init'; did you mean 'My_vdma_write_init'? [-Wimplicit-function-declaration]
   vdma0_write_init();
   ^~~~~~~~~~~~~~~~
   My_vdma_write_init
../src/get_image.c:115:4: warning: implicit declaration of function 'xil_printf'; did you mean 'viprintf'? [-Wimplicit-function-declaration]
    xil_printf("R0_reg3 = %x \r\n",vdma0_rd_status());
    ^~~~~~~~~~
    viprintf
../src/get_image.c:76:16: warning: unused variable 'addrs' [-Wunused-variable]
   unsigned int addrs =0x17000000;
                ^~~~~
../src/get_image.c:75:7: warning: unused variable 'stats' [-Wunused-variable]
   int stats;
       ^~~~~
../src/get_image.c: In function 'Image_Get':
../src/get_image.c:148:11: warning: implicit declaration of function 'Bsp_ReadfreamSno'; did you mean 'Bsp_ReadCPU0CMD'? [-Wimplicit-function-declaration]
    sno[0]=Bsp_ReadfreamSno();//读取的是已经完成的帧号
           ^~~~~~~~~~~~~~~~
           Bsp_ReadCPU0CMD
../src/get_image.c:153:14: warning: implicit declaration of function 'Bsp_GetGrayCode' [-Wimplicit-function-declaration]
     Framesno=Bsp_GetGrayCode(sno[0]&0xf);
              ^~~~~~~~~~~~~~~
../src/get_image.c:158:6: warning: implicit declaration of function 'Bsp_SetSkipfreamSno' [-Wimplicit-function-declaration]
      Bsp_SetSkipfreamSno(sno[1]);
      ^~~~~~~~~~~~~~~~~~~
../src/get_image.c:147:18: warning: variable 'Framesno' set but not used [-Wunused-but-set-variable]
    unsigned char Framesno;
                  ^~~~~~~~
'Finished building: ../src/get_image.c'
' '
'Building file: ../src/sc030_fpga.c'
'Invoking: ARM v7 gcc compiler'
arm-none-eabi-gcc -Wall -O0 -g3 -c -fmessage-length=0 -MT"src/sc030_fpga.o" -mcpu=cortex-a9 -mfpu=vfpv3 -mfloat-abi=hard -I../../ps_bsp/ps7_cortexa9_0/include -MMD -MP -MF"src/sc030_fpga.d" -MT"src/sc030_fpga.o" -o "src/sc030_fpga.o" "../src/sc030_fpga.c"
../src/sc030_fpga.c: In function 'SC30_Set_SoftExposure':
../src/sc030_fpga.c:152:2: warning: implicit declaration of function 'usleep' [-Wimplicit-function-declaration]
  usleep(5);
  ^~~~~~
../src/sc030_fpga.c:145:8: warning: unused variable 'fz' [-Wunused-variable]
  float fz;
        ^~
'Finished building: ../src/sc030_fpga.c'
' '
'Building target: ps.elf'
'Invoking: ARM v7 gcc linker'
arm-none-eabi-gcc -mcpu=cortex-a9 -mfpu=vfpv3 -mfloat-abi=hard -Wl,-build-id=none -specs=Xilinx.spec -Wl,-T -Wl,../src/lscript.ld -L../../ps_bsp/ps7_cortexa9_0/lib -o "ps.elf"  ./src/Bsp_RGB_Samp.o ./src/Bsp_TwoCPU.o ./src/Bsp_VDMAframe.o ./src/Image_Pixl.o ./src/SC030GS.o ./src/get_image.o ./src/helloworld.o ./src/platform.o ./src/psiic.o ./src/sc030_fpga.o ./src/vdma.o ./src/vdma_my.o   -Wl,--start-group,-lxil,-lgcc,-lc,--end-group
'Finished building target: ps.elf'
' '
'Invoking: ARM v7 Print Size'
arm-none-eabi-size ps.elf  |tee "ps.elf.size"
   text	   data	    bss	    dec	    hex	filename
  48236	   1984	  22904	  73124	  11da4	ps.elf
'Finished building: ps.elf.size'
' '
10:45:32 **** Incremental Build of configuration Debug for project ps ****
make pre-build main-build 
a9-linaro-pre-build-step
' '
make: Nothing to be done for `main-build'.
11:20:05 **** Incremental Build of configuration Debug for project ps ****
make pre-build main-build 
a9-linaro-pre-build-step
' '
make: Nothing to be done for `main-build'.
16:33:57 **** Auto Build of configuration Debug for project ps ****
make pre-build main-build 
a9-linaro-pre-build-step
' '
make: Nothing to be done for `main-build'.
16:34:19 **** Incremental Build of configuration Debug for project ps ****
make pre-build main-build 
a9-linaro-pre-build-step
' '
make: Nothing to be done for `main-build'.
16:06:43 **** Incremental Build of configuration Debug for project ps ****
make pre-build main-build 
a9-linaro-pre-build-step
' '
make: Nothing to be done for `main-build'.
14:55:53 **** Incremental Build of configuration Debug for project ps ****
make pre-build main-build 
a9-linaro-pre-build-step
' '
make: Nothing to be done for `main-build'.
16:17:47 **** Incremental Build of configuration Debug for project ps ****
make pre-build main-build 
a9-linaro-pre-build-step
' '
make: Nothing to be done for `main-build'.
17:28:05 **** Incremental Build of configuration Debug for project ps ****
make pre-build main-build 
a9-linaro-pre-build-step
' '
make: Nothing to be done for `main-build'.
08:55:35 **** Incremental Build of configuration Debug for project ps ****
make pre-build main-build 
a9-linaro-pre-build-step
' '
make: Nothing to be done for `main-build'.
13:14:10 **** Incremental Build of configuration Debug for project ps ****
make pre-build main-build 
a9-linaro-pre-build-step
' '
make: Nothing to be done for `main-build'.
13:40:31 **** Incremental Build of configuration Debug for project ps ****
make pre-build main-build 
a9-linaro-pre-build-step
' '
make: Nothing to be done for `main-build'.
08:28:45 **** Auto Build of configuration Debug for project ps ****
make pre-build main-build 
a9-linaro-pre-build-step
' '
make: Nothing to be done for `main-build'.
08:32:06 **** Auto Build of configuration Debug for project ps ****
make pre-build main-build 
a9-linaro-pre-build-step
' '
'Building file: ../src/sc030_fpga.c'
'Invoking: ARM v7 gcc compiler'
arm-none-eabi-gcc -Wall -O0 -g3 -c -fmessage-length=0 -MT"src/sc030_fpga.o" -mcpu=cortex-a9 -mfpu=vfpv3 -mfloat-abi=hard -I../../ps_bsp/ps7_cortexa9_0/include -MMD -MP -MF"src/sc030_fpga.d" -MT"src/sc030_fpga.o" -o "src/sc030_fpga.o" "../src/sc030_fpga.c"
../src/sc030_fpga.c: In function 'SC30_Set_SoftExposure':
../src/sc030_fpga.c:152:2: warning: implicit declaration of function 'usleep' [-Wimplicit-function-declaration]
  usleep(5);
  ^~~~~~
../src/sc030_fpga.c:145:8: warning: unused variable 'fz' [-Wunused-variable]
  float fz;
        ^~
'Finished building: ../src/sc030_fpga.c'
' '
'Building target: ps.elf'
'Invoking: ARM v7 gcc linker'
arm-none-eabi-gcc -mcpu=cortex-a9 -mfpu=vfpv3 -mfloat-abi=hard -Wl,-build-id=none -specs=Xilinx.spec -Wl,-T -Wl,../src/lscript.ld -L../../ps_bsp/ps7_cortexa9_0/lib -o "ps.elf"  ./src/Bsp_RGB_Samp.o ./src/Bsp_TwoCPU.o ./src/Bsp_VDMAframe.o ./src/Image_Pixl.o ./src/SC030GS.o ./src/get_image.o ./src/helloworld.o ./src/platform.o ./src/psiic.o ./src/sc030_fpga.o ./src/vdma.o ./src/vdma_my.o   -Wl,--start-group,-lxil,-lgcc,-lc,--end-group
'Finished building target: ps.elf'
' '
'Invoking: ARM v7 Print Size'
arm-none-eabi-size ps.elf  |tee "ps.elf.size"
   text	   data	    bss	    dec	    hex	filename
  48236	   1984	  22904	  73124	  11da4	ps.elf
'Finished building: ps.elf.size'
' '
08:35:04 **** Auto Build of configuration Debug for project ps ****
make pre-build main-build 
a9-linaro-pre-build-step
' '
'Building file: ../src/sc030_fpga.c'
'Invoking: ARM v7 gcc compiler'
arm-none-eabi-gcc -Wall -O0 -g3 -c -fmessage-length=0 -MT"src/sc030_fpga.o" -mcpu=cortex-a9 -mfpu=vfpv3 -mfloat-abi=hard -I../../ps_bsp/ps7_cortexa9_0/include -MMD -MP -MF"src/sc030_fpga.d" -MT"src/sc030_fpga.o" -o "src/sc030_fpga.o" "../src/sc030_fpga.c"
../src/sc030_fpga.c: In function 'SC30_Set_SoftExposure':
../src/sc030_fpga.c:152:2: warning: implicit declaration of function 'usleep' [-Wimplicit-function-declaration]
  usleep(5);
  ^~~~~~
../src/sc030_fpga.c:145:8: warning: unused variable 'fz' [-Wunused-variable]
  float fz;
        ^~
../src/sc030_fpga.c: In function 'dpc_thread':
../src/sc030_fpga.c:207:2: error: 'value' undeclared (first use in this function); did you mean 'val'?
  value = Xil_In32(SC030_FPGABASEADDR+(6*4));
  ^~~~~
  val
../src/sc030_fpga.c:207:2: note: each undeclared identifier is reported only once for each function it appears in
make: *** [src/sc030_fpga.o] 错误 1
08:35:21 **** Auto Build of configuration Debug for project ps ****
make pre-build main-build 
a9-linaro-pre-build-step
' '
'Building file: ../src/sc030_fpga.c'
'Invoking: ARM v7 gcc compiler'
arm-none-eabi-gcc -Wall -O0 -g3 -c -fmessage-length=0 -MT"src/sc030_fpga.o" -mcpu=cortex-a9 -mfpu=vfpv3 -mfloat-abi=hard -I../../ps_bsp/ps7_cortexa9_0/include -MMD -MP -MF"src/sc030_fpga.d" -MT"src/sc030_fpga.o" -o "src/sc030_fpga.o" "../src/sc030_fpga.c"
../src/sc030_fpga.c: In function 'SC30_Set_SoftExposure':
../src/sc030_fpga.c:152:2: warning: implicit declaration of function 'usleep' [-Wimplicit-function-declaration]
  usleep(5);
  ^~~~~~
../src/sc030_fpga.c:145:8: warning: unused variable 'fz' [-Wunused-variable]
  float fz;
        ^~
'Finished building: ../src/sc030_fpga.c'
' '
'Building target: ps.elf'
'Invoking: ARM v7 gcc linker'
[...]
make pre-build main-build 
a9-linaro-pre-build-step
' '
make: Nothing to be done for `main-build'.
19:05:31 **** Incremental Build of configuration Debug for project ps ****
make pre-build main-build 
a9-linaro-pre-build-step
' '
make: Nothing to be done for `main-build'.
19:15:06 **** Incremental Build of configuration Debug for project ps ****
make pre-build main-build 
a9-linaro-pre-build-step
' '
make: Nothing to be done for `main-build'.
19:21:30 **** Incremental Build of configuration Debug for project ps ****
make pre-build main-build 
a9-linaro-pre-build-step
' '
make: Nothing to be done for `main-build'.
09:41:42 **** Auto Build of configuration Debug for project ps ****
make pre-build main-build 
a9-linaro-pre-build-step
' '
'Building file: ../src/SC030GS.c'
'Invoking: ARM v7 gcc compiler'
arm-none-eabi-gcc -Wall -O0 -g3 -c -fmessage-length=0 -MT"src/SC030GS.o" -mcpu=cortex-a9 -mfpu=vfpv3 -mfloat-abi=hard -I../../ps_bsp/ps7_cortexa9_0/include -MMD -MP -MF"src/SC030GS.d" -MT"src/SC030GS.o" -o "src/SC030GS.o" "../src/SC030GS.c"
../src/SC030GS.c: In function 'SC030GS_init':
../src/SC030GS.c:687:2: warning: implicit declaration of function 'xil_printf' [-Wimplicit-function-declaration]
  xil_printf("value = %x \r\n",value);
  ^~~~~~~~~~
../src/SC030GS.c:679:16: warning: unused variable 'status' [-Wunused-variable]
  unsigned char status;
                ^~~~~~
../src/SC030GS.c:678:15: warning: unused variable 'org' [-Wunused-variable]
  unsigned int org;
               ^~~
../src/SC030GS.c:676:16: warning: unused variable 'MorenRegAddr' [-Wunused-variable]
  unsigned int *MorenRegAddr;
                ^~~~~~~~~~~~
'Finished building: ../src/SC030GS.c'
' '
'Building target: ps.elf'
'Invoking: ARM v7 gcc linker'
arm-none-eabi-gcc -mcpu=cortex-a9 -mfpu=vfpv3 -mfloat-abi=hard -Wl,-build-id=none -specs=Xilinx.spec -Wl,-T -Wl,../src/lscript.ld -L../../ps_bsp/ps7_cortexa9_0/lib -o "ps.elf"  ./src/Bsp_RGB_Samp.o ./src/Bsp_TwoCPU.o ./src/Bsp_VDMAframe.o ./src/Image_Pixl.o ./src/SC030GS.o ./src/get_image.o ./src/helloworld.o ./src/platform.o ./src/psiic.o ./src/sc030_fpga.o ./src/vdma.o ./src/vdma_my.o   -Wl,--start-group,-lxil,-lgcc,-lc,--end-group
'Finished building target: ps.elf'
' '
'Invoking: ARM v7 Print Size'
arm-none-eabi-size ps.elf  |tee "ps.elf.size"
   text	   data	    bss	    dec	    hex	filename
  49340	   2152	  22904	  74396	  1229c	ps.elf
'Finished building: ps.elf.size'
' '
09:42:29 **** Auto Build of configuration Debug for project ps ****
make pre-build main-build 
a9-linaro-pre-build-step
' '
'Building file: ../src/SC030GS.c'
'Invoking: ARM v7 gcc compiler'
arm-none-eabi-gcc -Wall -O0 -g3 -c -fmessage-length=0 -MT"src/SC030GS.o" -mcpu=cortex-a9 -mfpu=vfpv3 -mfloat-abi=hard -I../../ps_bsp/ps7_cortexa9_0/include -MMD -MP -MF"src/SC030GS.d" -MT"src/SC030GS.o" -o "src/SC030GS.o" "../src/SC030GS.c"
../src/SC030GS.c: In function 'SC030GS_init':
../src/SC030GS.c:688:2: warning: implicit declaration of function 'xil_printf' [-Wimplicit-function-declaration]
  xil_printf("value = %x \r\n",value);
  ^~~~~~~~~~
../src/SC030GS.c:680:16: warning: unused variable 'status' [-Wunused-variable]
  unsigned char status;
                ^~~~~~
../src/SC030GS.c:679:15: warning: unused variable 'org' [-Wunused-variable]
  unsigned int org;
               ^~~
../src/SC030GS.c:677:16: warning: unused variable 'MorenRegAddr' [-Wunused-variable]
  unsigned int *MorenRegAddr;
                ^~~~~~~~~~~~
'Finished building: ../src/SC030GS.c'
' '
'Building target: ps.elf'
'Invoking: ARM v7 gcc linker'
arm-none-eabi-gcc -mcpu=cortex-a9 -mfpu=vfpv3 -mfloat-abi=hard -Wl,-build-id=none -specs=Xilinx.spec -Wl,-T -Wl,../src/lscript.ld -L../../ps_bsp/ps7_cortexa9_0/lib -o "ps.elf"  ./src/Bsp_RGB_Samp.o ./src/Bsp_TwoCPU.o ./src/Bsp_VDMAframe.o ./src/Image_Pixl.o ./src/SC030GS.o ./src/get_image.o ./src/helloworld.o ./src/platform.o ./src/psiic.o ./src/sc030_fpga.o ./src/vdma.o ./src/vdma_my.o   -Wl,--start-group,-lxil,-lgcc,-lc,--end-group
'Finished building target: ps.elf'
' '
'Invoking: ARM v7 Print Size'
arm-none-eabi-size ps.elf  |tee "ps.elf.size"
   text	   data	    bss	    dec	    hex	filename
  49340	   2152	  22904	  74396	  1229c	ps.elf
'Finished building: ps.elf.size'
' '
09:51:18 **** Incremental Build of configuration Debug for project ps ****
make pre-build main-build 
a9-linaro-pre-build-step
' '
make: Nothing to be done for `main-build'.
09:51:46 **** Incremental Build of configuration Debug for project ps ****
make pre-build main-build 
a9-linaro-pre-build-step
' '
make: Nothing to be done for `main-build'.
09:52:12 **** Incremental Build of configuration Debug for project ps ****
make pre-build main-build 
a9-linaro-pre-build-step
' '
'Building file: ../src/get_image.c'
'Invoking: ARM v7 gcc compiler'
arm-none-eabi-gcc -Wall -O0 -g3 -c -fmessage-length=0 -MT"src/get_image.o" -mcpu=cortex-a9 -mfpu=vfpv3 -mfloat-abi=hard -I../../ps_bsp/ps7_cortexa9_0/include -MMD -MP -MF"src/get_image.d" -MT"src/get_image.o" -o "src/get_image.o" "../src/get_image.c"
In file included from ../src/get_image.h:20:0,
                 from ../src/get_image.c:48:
../src/Bsp_TwoCPU.h:48:0: warning: "MAXDDRNUM" redefined
 #define MAXDDRNUM     8   //定义DDR存放路数  Bsp_RGB_Samp.h中定义
 
In file included from ../src/Bsp_TwoCPU.h:46:0,
                 from ../src/get_image.h:20,
                 from ../src/get_image.c:48:
../src/Bsp_RGB_Samp.h:6:0: note: this is the location of the previous definition
 #define MAXDDRNUM       4
 
../src/get_image.c: In function 'Image_init':
../src/get_image.c:84:22: warning: passing argument 1 of 'Bsp_RGB_GetpFrames' from incompatible pointer type [-Wincompatible-pointer-types]
   Bsp_RGB_GetpFrames((unsigned int *)&pFrames[0], HH, VV, MAX_FRAME);//此函数将pFrames和RGBSamp.Framesp[i]指针都指向图片缓冲区，共8个
                      ^
In file included from ../src/Bsp_TwoCPU.h:46:0,
                 from ../src/get_image.h:20,
                 from ../src/get_image.c:48:
../src/Bsp_RGB_Samp.h:25:22: note: expected 'unsigned int **' but argument is of type 'unsigned int *'
 extern unsigned char Bsp_RGB_GetpFrames(unsigned int **OutP,unsigned int H,unsigned int V,unsigned char Num);
                      ^~~~~~~~~~~~~~~~~~
../src/get_image.c:99:3: warning: implicit declaration of function 'SC030GS_init' [-Wimplicit-function-declaration]
   SC030GS_init();//初始化
   ^~~~~~~~~~~~
../src/get_image.c:102:3: warning: implicit declaration of function 'vdma_videoStr_write_init'; did you mean 'My_vdma_write_init'? [-Wimplicit-function-declaration]
   vdma_videoStr_write_init();
   ^~~~~~~~~~~~~~~~~~~~~~~~
   My_vdma_write_init
../src/get_image.c:103:3: warning: implicit declaration of function 'vdma_ImgCap_write_init'; did you mean 'My_vdma_write_init'? [-Wimplicit-function-declaration]
   vdma_ImgCap_write_init();
   ^~~~~~~~~~~~~~~~~~~~~~
   My_vdma_write_init
../src/get_image.c:126:4: warning: implicit declaration of function 'xil_printf'; did you mean 'viprintf'? [-Wimplicit-function-declaration]
    xil_printf("R0_reg3 = %x \r\n",vdma0_rd_status());
    ^~~~~~~~~~
    viprintf
../src/get_image.c:76:16: warning: unused variable 'addrs' [-Wunused-variable]
   unsigned int addrs =0x17000000;
                ^~~~~
../src/get_image.c:75:7: warning: unused variable 'stats' [-Wunused-variable]
   int stats;
       ^~~~~
../src/get_image.c: In function 'Image_Get':
../src/get_image.c:173:11: warning: implicit declaration of function 'Bsp_ReadfreamSno'; did you mean 'Bsp_ReadCPU0CMD'? [-Wimplicit-function-declaration]
    sno[0]=Bsp_ReadfreamSno();//读取的是已经完成的帧号
           ^~~~~~~~~~~~~~~~
           Bsp_ReadCPU0CMD
../src/get_image.c:178:14: warning: implicit declaration of function 'Bsp_GetGrayCode' [-Wimplicit-function-declaration]
     Framesno=Bsp_GetGrayCode(sno[0]&0xf);
              ^~~~~~~~~~~~~~~
../src/get_image.c:183:6: warning: implicit declaration of function 'Bsp_SetSkipfreamSno' [-Wimplicit-function-declaration]
      Bsp_SetSkipfreamSno(sno[1]);
      ^~~~~~~~~~~~~~~~~~~
../src/get_image.c:172:18: warning: variable 'Framesno' set but not used [-Wunused-but-set-variable]
    unsigned char Framesno;
                  ^~~~~~~~
../src/get_image.c: In function 'Image_init':
../src/get_image.c:82:3: warning: 'channl' is used uninitialized in this function [-Wuninitialized]
   SC30_Set_HHVVCC(HH,VV,channl);
   ^~~~~~~~~~~~~~~~~~~~~~~~~~~~~
'Finished building: ../src/get_image.c'
' '
'Building target: ps.elf'
'Invoking: ARM v7 gcc linker'
arm-none-eabi-gcc -mcpu=cortex-a9 -mfpu=vfpv3 -mfloat-abi=hard -Wl,-build-id=none -specs=Xilinx.spec -Wl,-T -Wl,../src/lscript.ld -L../../ps_bsp/ps7_cortexa9_0/lib -o "ps.elf"  ./src/Bsp_RGB_Samp.o ./src/Bsp_TwoCPU.o ./src/Bsp_VDMAframe.o ./src/Image_Pixl.o ./src/SC030GS.o ./src/get_image.o ./src/helloworld.o ./src/platform.o ./src/psiic.o ./src/sc030_fpga.o ./src/vdma.o ./src/vdma_my.o   -Wl,--start-group,-lxil,-lgcc,-lc,--end-group
'Finished building target: ps.elf'
' '
'Invoking: ARM v7 Print Size'
arm-none-eabi-size ps.elf  |tee "ps.elf.size"
   text	   data	    bss	    dec	    hex	filename
  49340	   2152	  22904	  74396	  1229c	ps.elf
'Finished building: ps.elf.size'
' '
09:52:36 **** Incremental Build of configuration Debug for project ps ****
make pre-build main-build 
a9-linaro-pre-build-step
' '
make: Nothing to be done for `main-build'.
09:53:23 **** Incremental Build of configuration Debug for project ps ****
make pre-build main-build 
a9-linaro-pre-build-step
' '
'Building file: ../src/SC030GS.c'
'Invoking: ARM v7 gcc compiler'
arm-none-eabi-gcc -Wall -O0 -g3 -c -fmessage-length=0 -MT"src/SC030GS.o" -mcpu=cortex-a9 -mfpu=vfpv3 -mfloat-abi=hard -I../../ps_bsp/ps7_cortexa9_0/include -MMD -MP -MF"src/SC030GS.d" -MT"src/SC030GS.o" -o "src/SC030GS.o" "../src/SC030GS.c"
../src/SC030GS.c: In function 'SC030GS_init':
../src/SC030GS.c:688:2: warning: implicit declaration of function 'xil_printf' [-Wimplicit-function-declaration]
  xil_printf("value = %x \r\n",value);
  ^~~~~~~~~~
../src/SC030GS.c:680:16: warning: unused variable 'status' [-Wunused-variable]
  unsigned char status;
                ^~~~~~
../src/SC030GS.c:679:15: warning: unused variable 'org' [-Wunused-variable]
  unsigned int org;
               ^~~
../src/SC030GS.c:677:16: warning: unused variable 'MorenRegAddr' [-Wunused-variable]
  unsigned int *MorenRegAddr;
                ^~~~~~~~~~~~
'Finished building: ../src/SC030GS.c'
' '
'Building target: ps.elf'
'Invoking: ARM v7 gcc linker'
arm-none-eabi-gcc -mcpu=cortex-a9 -mfpu=vfpv3 -mfloat-abi=hard -Wl,-build-id=none -specs=Xilinx.spec -Wl,-T -Wl,../src/lscript.ld -L../../ps_bsp/ps7_cortexa9_0/lib -o "ps.elf"  ./src/Bsp_RGB_Samp.o ./src/Bsp_TwoCPU.o ./src/Bsp_VDMAframe.o ./src/Image_Pixl.o ./src/SC030GS.o ./src/get_image.o ./src/helloworld.o ./src/platform.o ./src/psiic.o ./src/sc030_fpga.o ./src/vdma.o ./src/vdma_my.o   -Wl,--start-group,-lxil,-lgcc,-lc,--end-group
'Finished building target: ps.elf'
' '
'Invoking: ARM v7 Print Size'
arm-none-eabi-size ps.elf  |tee "ps.elf.size"
   text	   data	    bss	    dec	    hex	filename
  49340	   2152	  22904	  74396	  1229c	ps.elf
'Finished building: ps.elf.size'
' '
10:17:53 **** Auto Build of configuration Debug for project ps ****
make pre-build main-build 
a9-linaro-pre-build-step
' '
'Building file: ../src/vdma.c'
'Invoking: ARM v7 gcc compiler'
arm-none-eabi-gcc -Wall -O0 -g3 -c -fmessage-length=0 -MT"src/vdma.o" -mcpu=cortex-a9 -mfpu=vfpv3 -mfloat-abi=hard -I../../ps_bsp/ps7_cortexa9_0/include -MMD -MP -MF"src/vdma.d" -MT"src/vdma.o" -o "src/vdma.o" "../src/vdma.c"
'Finished building: ../src/vdma.c'
' '
'Building target: ps.elf'
'Invoking: ARM v7 gcc linker'
arm-none-eabi-gcc -mcpu=cortex-a9 -mfpu=vfpv3 -mfloat-abi=hard -Wl,-build-id=none -specs=Xilinx.spec -Wl,-T -Wl,../src/lscript.ld -L../../ps_bsp/ps7_cortexa9_0/lib -o "ps.elf"  ./src/Bsp_RGB_Samp.o ./src/Bsp_TwoCPU.o ./src/Bsp_VDMAframe.o ./src/Image_Pixl.o ./src/SC030GS.o ./src/get_image.o ./src/helloworld.o ./src/platform.o ./src/psiic.o ./src/sc030_fpga.o ./src/vdma.o ./src/vdma_my.o   -Wl,--start-group,-lxil,-lgcc,-lc,--end-group
'Finished building target: ps.elf'
' '
'Invoking: ARM v7 Print Size'
arm-none-eabi-size ps.elf  |tee "ps.elf.size"
   text	   data	    bss	    dec	    hex	filename
  49340	   2152	  22904	  74396	  1229c	ps.elf
'Finished building: ps.elf.size'
' '
10:18:03 **** Incremental Build of configuration Debug for project ps ****
make pre-build main-build 
a9-linaro-pre-build-step
' '
make: Nothing to be done for `main-build'.
10:59:33 **** Incremental Build of configuration Debug for project ps ****
make pre-build main-build 
a9-linaro-pre-build-step
' '
make: Nothing to be done for `main-build'.
11:11:24 **** Auto Build of configuration Debug for project ps ****
make pre-build main-build 
a9-linaro-pre-build-step
' '
'Building file: ../src/get_image.c'
'Invoking: ARM v7 gcc compiler'
arm-none-eabi-gcc -Wall -O0 -g3 -c -fmessage-length=0 -MT"src/get_image.o" -mcpu=cortex-a9 -mfpu=vfpv3 -mfloat-abi=hard -I../../ps_bsp/ps7_cortexa9_0/include -MMD -MP -MF"src/get_image.d" -MT"src/get_image.o" -o "src/get_image.o" "../src/get_image.c"
In file included from ../src/get_image.h:20:0,
                 from ../src/get_image.c:48:
../src/Bsp_TwoCPU.h:48:0: warning: "MAXDDRNUM" redefined
 #define MAXDDRNUM     8   //定义DDR存放路数  Bsp_RGB_Samp.h中定义
 
In file included from ../src/Bsp_TwoCPU.h:46:0,
                 from ../src/get_image.h:20,
                 from ../src/get_image.c:48:
../src/Bsp_RGB_Samp.h:6:0: note: this is the location of the previous definition
 #define MAXDDRNUM       4
 
../src/get_image.c: In function 'Image_init':
../src/get_image.c:84:22: warning: passing argument 1 of 'Bsp_RGB_GetpFrames' from incompatible pointer type [-Wincompatible-pointer-types]
   Bsp_RGB_GetpFrames((unsigned int *)&pFrames[0], HH, VV, MAX_FRAME);//此函数将pFrames和RGBSamp.Framesp[i]指针都指向图片缓冲区，共8个
                      ^
In file included from ../src/Bsp_TwoCPU.h:46:0,
                 from ../src/get_image.h:20,
                 from ../src/get_image.c:48:
../src/Bsp_RGB_Samp.h:25:22: note: expected 'unsigned int **' but argument is of type 'unsigned int *'
 extern unsigned char Bsp_RGB_GetpFrames(unsigned int **OutP,unsigned int H,unsigned int V,unsigned char Num);
                      ^~~~~~~~~~~~~~~~~~
../src/get_image.c:99:3: warning: implicit declaration of function 'SC030GS_init' [-Wimplicit-function-declaration]
   SC030GS_init();//初始化
   ^~~~~~~~~~~~
../src/get_image.c:102:3: warning: implicit declaration of function 'vdma_videoStr_write_init'; did you mean 'My_vdma_write_init'? [-Wimplicit-function-declaration]
   vdma_videoStr_write_init();
   ^~~~~~~~~~~~~~~~~~~~~~~~
   My_vdma_write_init
../src/get_image.c:103:3: warning: implicit declaration of function 'vdma_ImgCap_write_init'; did you mean 'My_vdma_write_init'? [-Wimplicit-function-declaration]
   vdma_ImgCap_write_init();
   ^~~~~~~~~~~~~~~~~~~~~~
   My_vdma_write_init
../src/get_image.c:126:4: warning: implicit declaration of function 'xil_printf'; did you mean 'viprintf'? [-Wimplicit-function-declaration]
    xil_printf("R0_reg3 = %x \r\n",vdma0_rd_status());
    ^~~~~~~~~~
    viprintf
../src/get_image.c:76:16: warning: unused variable 'addrs' [-Wunused-variable]
   unsigned int addrs =0x17000000;
                ^~~~~
../src/get_image.c:75:7: warning: unused variable 'stats' [-Wunused-variable]
   int stats;
       ^~~~~
../src/get_image.c: In function 'Image_Get':
../src/get_image.c:173:11: warning: implicit declaration of function 'Bsp_ReadfreamSno'; did you mean 'Bsp_ReadCPU0CMD'? [-Wimplicit-function-declaration]
    sno[0]=Bsp_ReadfreamSno();//读取的是已经完成的帧号
           ^~~~~~~~~~~~~~~~
           Bsp_ReadCPU0CMD
../src/get_image.c:178:14: warning: implicit declaration of function 'Bsp_GetGrayCode' [-Wimplicit-function-declaration]
     Framesno=Bsp_GetGrayCode(sno[0]&0xf);
              ^~~~~~~~~~~~~~~
../src/get_image.c:183:6: warning: implicit declaration of function 'Bsp_SetSkipfreamSno' [-Wimplicit-function-declaration]
      Bsp_SetSkipfreamSno(sno[1]);
      ^~~~~~~~~~~~~~~~~~~
../src/get_image.c:172:18: warning: variable 'Framesno' set but not used [-Wunused-but-set-variable]
    unsigned char Framesno;
                  ^~~~~~~~
../src/get_image.c: In function 'Image_init':
../src/get_image.c:82:3: warning: 'channl' is used uninitialized in this function [-Wuninitialized]
   SC30_Set_HHVVCC(HH,VV,channl);
   ^~~~~~~~~~~~~~~~~~~~~~~~~~~~~
'Finished building: ../src/get_image.c'
' '
'Building target: ps.elf'
'Invoking: ARM v7 gcc linker'
arm-none-eabi-gcc -mcpu=cortex-a9 -mfpu=vfpv3 -mfloat-abi=hard -Wl,-build-id=none -specs=Xilinx.spec -Wl,-T -Wl,../src/lscript.ld -L../../ps_bsp/ps7_cortexa9_0/lib -o "ps.elf"  ./src/Bsp_RGB_Samp.o ./src/Bsp_TwoCPU.o ./src/Bsp_VDMAframe.o ./src/Image_Pixl.o ./src/SC030GS.o ./src/get_image.o ./src/helloworld.o ./src/platform.o ./src/psiic.o ./src/sc030_fpga.o ./src/vdma.o ./src/vdma_my.o   -Wl,--start-group,-lxil,-lgcc,-lc,--end-group
'Finished building target: ps.elf'
' '
'Invoking: ARM v7 Print Size'
arm-none-eabi-size ps.elf  |tee "ps.elf.size"
   text	   data	    bss	    dec	    hex	filename
  49340	   2152	  22904	  74396	  1229c	ps.elf
'Finished building: ps.elf.size'
' '
11:11:38 **** Incremental Build of configuration Debug for project ps ****
make pre-build main-build 
a9-linaro-pre-build-step
' '
make: Nothing to be done for `main-build'.
11:12:25 **** Incremental Build of configuration Debug for project ps ****
make pre-build main-build 
a9-linaro-pre-build-step
' '
make: Nothing to be done for `main-build'.
11:13:42 **** Auto Build of configuration Debug for project ps ****
make pre-build main-build 
a9-linaro-pre-build-step
' '
'Building file: ../src/sc030_fpga.c'
'Invoking: ARM v7 gcc compiler'
arm-none-eabi-gcc -Wall -O0 -g3 -c -fmessage-length=0 -MT"src/sc030_fpga.o" -mcpu=cortex-a9 -mfpu=vfpv3 -mfloat-abi=hard -I../../ps_bsp/ps7_cortexa9_0/include -MMD -MP -MF"src/sc030_fpga.d" -MT"src/sc030_fpga.o" -o "src/sc030_fpga.o" "../src/sc030_fpga.c"
../src/sc030_fpga.c: In function 'SC30_Set_SoftExposure':
../src/sc030_fpga.c:181:2: warning: implicit declaration of function 'usleep' [-Wimplicit-function-declaration]
  usleep(5);
  ^~~~~~
../src/sc030_fpga.c:174:8: warning: unused variable 'fz' [-Wunused-variable]
  float fz;
        ^~
'Finished building: ../src/sc030_fpga.c'
' '
'Building target: ps.elf'
'Invoking: ARM v7 gcc linker'
arm-none-eabi-gcc -mcpu=cortex-a9 -mfpu=vfpv3 -mfloat-abi=hard -Wl,-build-id=none -specs=Xilinx.spec -Wl,-T -Wl,../src/lscript.ld -L../../ps_bsp/ps7_cortexa9_0/lib -o "ps.elf"  ./src/Bsp_RGB_Samp.o ./src/Bsp_TwoCPU.o ./src/Bsp_VDMAframe.o ./src/Image_Pixl.o ./src/SC030GS.o ./src/get_image.o ./src/helloworld.o ./src/platform.o ./src/psiic.o ./src/sc030_fpga.o ./src/vdma.o ./src/vdma_my.o   -Wl,--start-group,-lxil,-lgcc,-lc,--end-group
'Finished building target: ps.elf'
' '
'Invoking: ARM v7 Print Size'
arm-none-eabi-size ps.elf  |tee "ps.elf.size"
   text	   data	    bss	    dec	    hex	filename
  49340	   2152	  22904	  74396	  1229c	ps.elf
'Finished building: ps.elf.size'
' '
11:14:05 **** Incremental Build of configuration Debug for project ps ****
make pre-build main-build 
a9-linaro-pre-build-step
' '
make: Nothing to be done for `main-build'.
13:12:27 **** Incremental Build of configuration Debug for project ps ****
make pre-build main-build 
a9-linaro-pre-build-step
' '
make: Nothing to be done for `main-build'.
10:53:00 **** Incremental Build of configuration Debug for project ps ****
make pre-build main-build 
a9-linaro-pre-build-step
' '
make: Nothing to be done for `main-build'.
10:55:38 **** Incremental Build of configuration Debug for project ps ****
make pre-build main-build 
a9-linaro-pre-build-step
' '
make: Nothing to be done for `main-build'.
11:03:17 **** Incremental Build of configuration Debug for project ps ****
make pre-build main-build 
a9-linaro-pre-build-step
' '
make: Nothing to be done for `main-build'.
